../../Drivers/STM32N6xx_HAL_Driver/Inc/stm32n6xx_ll_bus.h:879:22:LL_AHB1_GRP1_EnableClock	24	static
../../Drivers/STM32N6xx_HAL_Driver/Inc/stm32n6xx_ll_bus.h:911:22:LL_AHB1_GRP1_DisableClock	16	static
../../Drivers/STM32N6xx_HAL_Driver/Inc/stm32n6xx_ll_bus.h:1407:22:LL_AHB4_GRP1_EnableClock	24	static
../../Drivers/STM32N6xx_HAL_Driver/Inc/stm32n6xx_ll_bus.h:2273:22:LL_APB1_GRP1_EnableClock	24	static
../../Drivers/STM32N6xx_HAL_Driver/Inc/stm32n6xx_ll_bus.h:2403:22:LL_APB1_GRP1_DisableClock	16	static
../Core/Src/stm32n6xx_hal_msp.c:63:6:HAL_MspInit	8	static
../Core/Src/stm32n6xx_hal_msp.c:93:6:HAL_ADC_MspInit	440	static
../Core/Src/stm32n6xx_hal_msp.c:199:6:HAL_ADC_MspDeInit	16	static
../Core/Src/stm32n6xx_hal_msp.c:277:6:HAL_I2C_MspInit	440	static
../Core/Src/stm32n6xx_hal_msp.c:337:6:HAL_I2C_MspDeInit	16	static
