/home/berserk/projects/test/mtk3bsp2_samples-main/Examples/prj_stm32n6_lcd/prj_stm32n6_lcd/Appli/mtk3_bsp2/sysdepend/stm32_cube/cpu/core/armv8m/cpu_status.h:69:13:knl_EnterTaskIndependent	4	static
/home/berserk/projects/test/mtk3bsp2_samples-main/Examples/prj_stm32n6_lcd/prj_stm32n6_lcd/Appli/mtk3_bsp2/sysdepend/stm32_cube/cpu/core/armv8m/cpu_status.h:73:13:knl_LeaveTaskIndependent	4	static
../mtk3_bsp2/sysdepend/stm32_cube/device/hal_i2c/hal_i2c.c:66:10:read_atr	16	static
../mtk3_bsp2/sysdepend/stm32_cube/device/hal_i2c/hal_i2c.c:88:10:write_atr	24	static
../mtk3_bsp2/sysdepend/stm32_cube/device/hal_i2c/hal_i2c.c:115:12:HAL_I2C_Callback	24	static
../mtk3_bsp2/sysdepend/stm32_cube/device/hal_i2c/hal_i2c.c:134:6:HAL_I2C_MasterRxCpltCallback	16	static
../mtk3_bsp2/sysdepend/stm32_cube/device/hal_i2c/hal_i2c.c:139:6:HAL_I2C_MasterTxCpltCallback	16	static
../mtk3_bsp2/sysdepend/stm32_cube/device/hal_i2c/hal_i2c.c:144:6:HAL_I2C_SlaveRxCpltCallback	16	static
../mtk3_bsp2/sysdepend/stm32_cube/device/hal_i2c/hal_i2c.c:149:6:HAL_I2C_SlaveTxCpltCallback	16	static
../mtk3_bsp2/sysdepend/stm32_cube/device/hal_i2c/hal_i2c.c:154:6:HAL_I2C_MemRxCpltCallback	16	static
../mtk3_bsp2/sysdepend/stm32_cube/device/hal_i2c/hal_i2c.c:159:6:HAL_I2C_MemTxCpltCallback	16	static
../mtk3_bsp2/sysdepend/stm32_cube/device/hal_i2c/hal_i2c.c:164:6:HAL_I2C_ErrorCallback	16	static
../mtk3_bsp2/sysdepend/stm32_cube/device/hal_i2c/hal_i2c.c:169:6:HAL_I2C_AbortCpltCallback	16	static
../mtk3_bsp2/sysdepend/stm32_cube/device/hal_i2c/hal_i2c.c:174:10:read_data	40	static
../mtk3_bsp2/sysdepend/stm32_cube/device/hal_i2c/hal_i2c.c:213:10:write_data	40	static
../mtk3_bsp2/sysdepend/stm32_cube/device/hal_i2c/hal_i2c.c:258:10:dev_i2c_openfn	32	static
../mtk3_bsp2/sysdepend/stm32_cube/device/hal_i2c/hal_i2c.c:270:10:dev_i2c_closefn	24	static
../mtk3_bsp2/sysdepend/stm32_cube/device/hal_i2c/hal_i2c.c:278:10:dev_i2c_readfn	24	static
../mtk3_bsp2/sysdepend/stm32_cube/device/hal_i2c/hal_i2c.c:296:10:dev_i2c_writefn	24	static
../mtk3_bsp2/sysdepend/stm32_cube/device/hal_i2c/hal_i2c.c:314:10:dev_i2c_eventfn	24	static
../mtk3_bsp2/sysdepend/stm32_cube/device/hal_i2c/hal_i2c.c:322:11:dev_init_hal_i2c	88	static
../mtk3_bsp2/sysdepend/stm32_cube/device/hal_i2c/hal_i2c.c:386:11:i2c_read_reg	64	static
../mtk3_bsp2/sysdepend/stm32_cube/device/hal_i2c/hal_i2c.c:415:11:i2c_write_reg	64	static
