Archive member included to satisfy reference by file (symbol)

/home/berserk/st/stm32cubeide_1.19.0/plugins/com.st.stm32cube.ide.mcu.externaltools.gnu-tools-for-stm32.13.3.rel1.linux64_1.0.0.202410170706/tools/bin/../lib/gcc/arm-none-eabi/13.3.1/../../../../arm-none-eabi/lib/thumb/v8-m.main+dp/hard/libc_nano.a(libc_a-exit.o)
                              /home/berserk/st/stm32cubeide_1.19.0/plugins/com.st.stm32cube.ide.mcu.externaltools.gnu-tools-for-stm32.13.3.rel1.linux64_1.0.0.202410170706/tools/bin/../lib/gcc/arm-none-eabi/13.3.1/../../../../arm-none-eabi/lib/thumb/v8-m.main+dp/hard/crt0.o (exit)
/home/berserk/st/stm32cubeide_1.19.0/plugins/com.st.stm32cube.ide.mcu.externaltools.gnu-tools-for-stm32.13.3.rel1.linux64_1.0.0.202410170706/tools/bin/../lib/gcc/arm-none-eabi/13.3.1/../../../../arm-none-eabi/lib/thumb/v8-m.main+dp/hard/libc_nano.a(libc_a-findfp.o)
                              /home/berserk/st/stm32cubeide_1.19.0/plugins/com.st.stm32cube.ide.mcu.externaltools.gnu-tools-for-stm32.13.3.rel1.linux64_1.0.0.202410170706/tools/bin/../lib/gcc/arm-none-eabi/13.3.1/../../../../arm-none-eabi/lib/thumb/v8-m.main+dp/hard/libc_nano.a(libc_a-exit.o) (__stdio_exit_handler)
/home/berserk/st/stm32cubeide_1.19.0/plugins/com.st.stm32cube.ide.mcu.externaltools.gnu-tools-for-stm32.13.3.rel1.linux64_1.0.0.202410170706/tools/bin/../lib/gcc/arm-none-eabi/13.3.1/../../../../arm-none-eabi/lib/thumb/v8-m.main+dp/hard/libc_nano.a(libc_a-fwalk.o)
                              /home/berserk/st/stm32cubeide_1.19.0/plugins/com.st.stm32cube.ide.mcu.externaltools.gnu-tools-for-stm32.13.3.rel1.linux64_1.0.0.202410170706/tools/bin/../lib/gcc/arm-none-eabi/13.3.1/../../../../arm-none-eabi/lib/thumb/v8-m.main+dp/hard/libc_nano.a(libc_a-findfp.o) (_fwalk_sglue)
/home/berserk/st/stm32cubeide_1.19.0/plugins/com.st.stm32cube.ide.mcu.externaltools.gnu-tools-for-stm32.13.3.rel1.linux64_1.0.0.202410170706/tools/bin/../lib/gcc/arm-none-eabi/13.3.1/../../../../arm-none-eabi/lib/thumb/v8-m.main+dp/hard/libc_nano.a(libc_a-stdio.o)
                              /home/berserk/st/stm32cubeide_1.19.0/plugins/com.st.stm32cube.ide.mcu.externaltools.gnu-tools-for-stm32.13.3.rel1.linux64_1.0.0.202410170706/tools/bin/../lib/gcc/arm-none-eabi/13.3.1/../../../../arm-none-eabi/lib/thumb/v8-m.main+dp/hard/libc_nano.a(libc_a-findfp.o) (__sread)
/home/berserk/st/stm32cubeide_1.19.0/plugins/com.st.stm32cube.ide.mcu.externaltools.gnu-tools-for-stm32.13.3.rel1.linux64_1.0.0.202410170706/tools/bin/../lib/gcc/arm-none-eabi/13.3.1/../../../../arm-none-eabi/lib/thumb/v8-m.main+dp/hard/libc_nano.a(libc_a-memset.o)
                              /home/berserk/st/stm32cubeide_1.19.0/plugins/com.st.stm32cube.ide.mcu.externaltools.gnu-tools-for-stm32.13.3.rel1.linux64_1.0.0.202410170706/tools/bin/../lib/gcc/arm-none-eabi/13.3.1/../../../../arm-none-eabi/lib/thumb/v8-m.main+dp/hard/crt0.o (memset)
/home/berserk/st/stm32cubeide_1.19.0/plugins/com.st.stm32cube.ide.mcu.externaltools.gnu-tools-for-stm32.13.3.rel1.linux64_1.0.0.202410170706/tools/bin/../lib/gcc/arm-none-eabi/13.3.1/../../../../arm-none-eabi/lib/thumb/v8-m.main+dp/hard/libc_nano.a(libc_a-closer.o)
                              /home/berserk/st/stm32cubeide_1.19.0/plugins/com.st.stm32cube.ide.mcu.externaltools.gnu-tools-for-stm32.13.3.rel1.linux64_1.0.0.202410170706/tools/bin/../lib/gcc/arm-none-eabi/13.3.1/../../../../arm-none-eabi/lib/thumb/v8-m.main+dp/hard/libc_nano.a(libc_a-stdio.o) (_close_r)
/home/berserk/st/stm32cubeide_1.19.0/plugins/com.st.stm32cube.ide.mcu.externaltools.gnu-tools-for-stm32.13.3.rel1.linux64_1.0.0.202410170706/tools/bin/../lib/gcc/arm-none-eabi/13.3.1/../../../../arm-none-eabi/lib/thumb/v8-m.main+dp/hard/libc_nano.a(libc_a-reent.o)
                              /home/berserk/st/stm32cubeide_1.19.0/plugins/com.st.stm32cube.ide.mcu.externaltools.gnu-tools-for-stm32.13.3.rel1.linux64_1.0.0.202410170706/tools/bin/../lib/gcc/arm-none-eabi/13.3.1/../../../../arm-none-eabi/lib/thumb/v8-m.main+dp/hard/libc_nano.a(libc_a-closer.o) (errno)
/home/berserk/st/stm32cubeide_1.19.0/plugins/com.st.stm32cube.ide.mcu.externaltools.gnu-tools-for-stm32.13.3.rel1.linux64_1.0.0.202410170706/tools/bin/../lib/gcc/arm-none-eabi/13.3.1/../../../../arm-none-eabi/lib/thumb/v8-m.main+dp/hard/libc_nano.a(libc_a-impure.o)
                              /home/berserk/st/stm32cubeide_1.19.0/plugins/com.st.stm32cube.ide.mcu.externaltools.gnu-tools-for-stm32.13.3.rel1.linux64_1.0.0.202410170706/tools/bin/../lib/gcc/arm-none-eabi/13.3.1/../../../../arm-none-eabi/lib/thumb/v8-m.main+dp/hard/libc_nano.a(libc_a-reent.o) (_impure_ptr)
/home/berserk/st/stm32cubeide_1.19.0/plugins/com.st.stm32cube.ide.mcu.externaltools.gnu-tools-for-stm32.13.3.rel1.linux64_1.0.0.202410170706/tools/bin/../lib/gcc/arm-none-eabi/13.3.1/../../../../arm-none-eabi/lib/thumb/v8-m.main+dp/hard/libc_nano.a(libc_a-lseekr.o)
[...]
Memory Configuration

Name             Origin             Length             Attributes
ROM              0x34180400         0x0003fc00         xrw
RAM              0x341c0000         0x00040000         xrw
*default*        0x00000000         0xffffffff

Linker script and memory map

LOAD /home/berserk/st/stm32cubeide_1.19.0/plugins/com.st.stm32cube.ide.mcu.externaltools.gnu-tools-for-stm32.13.3.rel1.linux64_1.0.0.202410170706/tools/bin/../lib/gcc/arm-none-eabi/13.3.1/thumb/v8-m.main+dp/hard/crti.o
LOAD /home/berserk/st/stm32cubeide_1.19.0/plugins/com.st.stm32cube.ide.mcu.externaltools.gnu-tools-for-stm32.13.3.rel1.linux64_1.0.0.202410170706/tools/bin/../lib/gcc/arm-none-eabi/13.3.1/thumb/v8-m.main+dp/hard/crtbegin.o
LOAD /home/berserk/st/stm32cubeide_1.19.0/plugins/com.st.stm32cube.ide.mcu.externaltools.gnu-tools-for-stm32.13.3.rel1.linux64_1.0.0.202410170706/tools/bin/../lib/gcc/arm-none-eabi/13.3.1/../../../../arm-none-eabi/lib/thumb/v8-m.main+dp/hard/crt0.o
LOAD ./Core/Src/extmem_manager.o
LOAD ./Core/Src/main.o
LOAD ./Core/Src/stm32n6xx_hal_msp.o
LOAD ./Core/Src/stm32n6xx_it.o
LOAD ./Core/Src/syscalls.o
LOAD ./Core/Src/sysmem.o
LOAD ./Core/Src/system_stm32n6xx_fsbl.o
LOAD ./Core/Startup/startup_stm32n657x0hxq_fsbl.o
LOAD ./Drivers/STM32N6xx_HAL_Driver/stm32n6xx_hal.o
LOAD ./Drivers/STM32N6xx_HAL_Driver/stm32n6xx_hal_adc.o
LOAD ./Drivers/STM32N6xx_HAL_Driver/stm32n6xx_hal_adc_ex.o
LOAD ./Drivers/STM32N6xx_HAL_Driver/stm32n6xx_hal_cortex.o
LOAD ./Drivers/STM32N6xx_HAL_Driver/stm32n6xx_hal_dma.o
LOAD ./Drivers/STM32N6xx_HAL_Driver/stm32n6xx_hal_dma2d.o
LOAD ./Drivers/STM32N6xx_HAL_Driver/stm32n6xx_hal_dma_ex.o
LOAD ./Drivers/STM32N6xx_HAL_Driver/stm32n6xx_hal_exti.o
LOAD ./Drivers/STM32N6xx_HAL_Driver/stm32n6xx_hal_gpio.o
LOAD ./Drivers/STM32N6xx_HAL_Driver/stm32n6xx_hal_i2c.o
LOAD ./Drivers/STM32N6xx_HAL_Driver/stm32n6xx_hal_i2c_ex.o
LOAD ./Drivers/STM32N6xx_HAL_Driver/stm32n6xx_hal_icache.o
LOAD ./Drivers/STM32N6xx_HAL_Driver/stm32n6xx_hal_ltdc.o
LOAD ./Drivers/STM32N6xx_HAL_Driver/stm32n6xx_hal_ltdc_ex.o
LOAD ./Drivers/STM32N6xx_HAL_Driver/stm32n6xx_hal_mdf.o
LOAD ./Drivers/STM32N6xx_HAL_Driver/stm32n6xx_hal_pwr.o
LOAD ./Drivers/STM32N6xx_HAL_Driver/stm32n6xx_hal_pwr_ex.o
LOAD ./Drivers/STM32N6xx_HAL_Driver/stm32n6xx_hal_rcc.o
LOAD ./Drivers/STM32N6xx_HAL_Driver/stm32n6xx_hal_rcc_ex.o
LOAD ./Drivers/STM32N6xx_HAL_Driver/stm32n6xx_hal_rif.o
LOAD ./Drivers/STM32N6xx_HAL_Driver/stm32n6xx_hal_sai.o
LOAD ./Drivers/STM32N6xx_HAL_Driver/stm32n6xx_hal_sai_ex.o
LOAD ./Drivers/STM32N6xx_HAL_Driver/stm32n6xx_hal_uart.o
LOAD ./Drivers/STM32N6xx_HAL_Driver/stm32n6xx_hal_uart_ex.o
LOAD ./Drivers/STM32N6xx_HAL_Driver/stm32n6xx_hal_xspi.o
LOAD ./Drivers/STM32N6xx_HAL_Driver/stm32n6xx_ll_dma.o
LOAD ./Drivers/STM32N6xx_HAL_Driver/stm32n6xx_ll_exti.o
LOAD ./Drivers/STM32N6xx_HAL_Driver/stm32n6xx_ll_gpio.o
LOAD ./Drivers/STM32N6xx_HAL_Driver/stm32n6xx_ll_rcc.o
LOAD ./Drivers/STM32N6xx_HAL_Driver/stm32n6xx_ll_ucpd.o
LOAD ./Drivers/STM32N6xx_HAL_Driver/stm32n6xx_ll_usb.o
LOAD ./Drivers/STM32N6xx_HAL_Driver/stm32n6xx_ll_utils.o
LOAD ./Middlewares/ST/STM32_ExtMem_Manager/stm32_boot_lrun.o
LOAD ./Middlewares/ST/STM32_ExtMem_Manager/stm32_extmem.o
LOAD ./Middlewares/ST/STM32_ExtMem_Manager/stm32_psram_driver.o
LOAD ./Middlewares/ST/STM32_ExtMem_Manager/stm32_sal_sd.o
LOAD ./Middlewares/ST/STM32_ExtMem_Manager/stm32_sal_xspi.o
LOAD ./Middlewares/ST/STM32_ExtMem_Manager/stm32_sdcard_driver.o
LOAD ./Middlewares/ST/STM32_ExtMem_Manager/stm32_sfdp_data.o
LOAD ./Middlewares/ST/STM32_ExtMem_Manager/stm32_sfdp_driver.o
LOAD ./Middlewares/ST/STM32_ExtMem_Manager/stm32_user_driver.o
START GROUP
LOAD /home/berserk/st/stm32cubeide_1.19.0/plugins/com.st.stm32cube.ide.mcu.externaltools.gnu-tools-for-stm32.13.3.rel1.linux64_1.0.0.202410170706/tools/bin/../lib/gcc/arm-none-eabi/13.3.1/../../../../arm-none-eabi/lib/thumb/v8-m.main+dp/hard/libc_nano.a
LOAD /home/berserk/st/stm32cubeide_1.19.0/plugins/com.st.stm32cube.ide.mcu.externaltools.gnu-tools-for-stm32.13.3.rel1.linux64_1.0.0.202410170706/tools/bin/../lib/gcc/arm-none-eabi/13.3.1/../../../../arm-none-eabi/lib/thumb/v8-m.main+dp/hard/libm.a
END GROUP
START GROUP
LOAD /home/berserk/st/stm32cubeide_1.19.0/plugins/com.st.stm32cube.ide.mcu.externaltools.gnu-tools-for-stm32.13.3.rel1.linux64_1.0.0.202410170706/tools/bin/../lib/gcc/arm-none-eabi/13.3.1/thumb/v8-m.main+dp/hard/libgcc.a
LOAD /home/berserk/st/stm32cubeide_1.19.0/plugins/com.st.stm32cube.ide.mcu.externaltools.gnu-tools-for-stm32.13.3.rel1.linux64_1.0.0.202410170706/tools/bin/../lib/gcc/arm-none-eabi/13.3.1/../../../../arm-none-eabi/lib/thumb/v8-m.main+dp/hard/libc_nano.a
END GROUP
START GROUP
LOAD /home/berserk/st/stm32cubeide_1.19.0/plugins/com.st.stm32cube.ide.mcu.externaltools.gnu-tools-for-stm32.13.3.rel1.linux64_1.0.0.202410170706/tools/bin/../lib/gcc/arm-none-eabi/13.3.1/thumb/v8-m.main+dp/hard/libgcc.a
LOAD /home/berserk/st/stm32cubeide_1.19.0/plugins/com.st.stm32cube.ide.mcu.externaltools.gnu-tools-for-stm32.13.3.rel1.linux64_1.0.0.202410170706/tools/bin/../lib/gcc/arm-none-eabi/13.3.1/../../../../arm-none-eabi/lib/thumb/v8-m.main+dp/hard/libc_nano.a
LOAD /home/berserk/st/stm32cubeide_1.19.0/plugins/com.st.stm32cube.ide.mcu.externaltools.gnu-tools-for-stm32.13.3.rel1.linux64_1.0.0.202410170706/tools/bin/../lib/gcc/arm-none-eabi/13.3.1/../../../../arm-none-eabi/lib/thumb/v8-m.main+dp/hard/libnosys.a
END GROUP
START GROUP
LOAD /home/berserk/st/stm32cubeide_1.19.0/plugins/com.st.stm32cube.ide.mcu.externaltools.gnu-tools-for-stm32.13.3.rel1.linux64_1.0.0.202410170706/tools/bin/../lib/gcc/arm-none-eabi/13.3.1/thumb/v8-m.main+dp/hard/libgcc.a
LOAD /home/berserk/st/stm32cubeide_1.19.0/plugins/com.st.stm32cube.ide.mcu.externaltools.gnu-tools-for-stm32.13.3.rel1.linux64_1.0.0.202410170706/tools/bin/../lib/gcc/arm-none-eabi/13.3.1/../../../../arm-none-eabi/lib/thumb/v8-m.main+dp/hard/libc_nano.a
LOAD /home/berserk/st/stm32cubeide_1.19.0/plugins/com.st.stm32cube.ide.mcu.externaltools.gnu-tools-for-stm32.13.3.rel1.linux64_1.0.0.202410170706/tools/bin/../lib/gcc/arm-none-eabi/13.3.1/../../../../arm-none-eabi/lib/thumb/v8-m.main+dp/hard/libnosys.a
END GROUP
LOAD /home/berserk/st/stm32cubeide_1.19.0/plugins/com.st.stm32cube.ide.mcu.externaltools.gnu-tools-for-stm32.13.3.rel1.linux64_1.0.0.202410170706/tools/bin/../lib/gcc/arm-none-eabi/13.3.1/thumb/v8-m.main+dp/hard/crtend.o
LOAD /home/berserk/st/stm32cubeide_1.19.0/plugins/com.st.stm32cube.ide.mcu.externaltools.gnu-tools-for-stm32.13.3.rel1.linux64_1.0.0.202410170706/tools/bin/../lib/gcc/arm-none-eabi/13.3.1/thumb/v8-m.main+dp/hard/crtn.o
                0x34200000                        _estack = (ORIGIN (RAM) + LENGTH (RAM))
                0x341ff800                        _sstack = (_estack - _Min_Stack_Size)
                0x00000200                        _Min_Heap_Size = 0x200
                0x00000800                        _Min_Stack_Size = 0x800

.isr_vector     0x34180400      0x34c
                0x34180400                        . = ALIGN (0x4)
 *(.isr_vector)
 .isr_vector    0x34180400      0x34c ./Core/Startup/startup_stm32n657x0hxq_fsbl.o
                0x34180400                g_pfnVectors
                0x3418074c                        . = ALIGN (0x4)

.text           0x3418074c    0x12ed8
                0x3418074c                        . = ALIGN (0x4)
 *(.text)
 .text          0x3418074c       0x40 /home/berserk/st/stm32cubeide_1.19.0/plugins/com.st.stm32cube.ide.mcu.externaltools.gnu-tools-for-stm32.13.3.rel1.linux64_1.0.0.202410170706/tools/bin/../lib/gcc/arm-none-eabi/13.3.1/thumb/v8-m.main+dp/hard/crtbegin.o
 .text          0x3418078c       0x30 /home/berserk/st/stm32cubeide_1.19.0/plugins/com.st.stm32cube.ide.mcu.externaltools.gnu-tools-for-stm32.13.3.rel1.linux64_1.0.0.202410170706/tools/bin/../lib/gcc/arm-none-eabi/13.3.1/thumb/v8-m.main+dp/hard/libgcc.a(_aeabi_uldivmod.o)
                0x3418078c                __aeabi_uldivmod
 .text          0x341807bc      0x348 /home/berserk/st/stm32cubeide_1.19.0/plugins/com.st.stm32cube.ide.mcu.externaltools.gnu-tools-for-stm32.13.3.rel1.linux64_1.0.0.202410170706/tools/bin/../lib/gcc/arm-none-eabi/13.3.1/thumb/v8-m.main+dp/hard/libgcc.a(_udivmoddi4.o)
                0x341807bc                __udivmoddi4
 .text          0x34180b04        0x4 /home/berserk/st/stm32cubeide_1.19.0/plugins/com.st.stm32cube.ide.mcu.externaltools.gnu-tools-for-stm32.13.3.rel1.linux64_1.0.0.202410170706/tools/bin/../lib/gcc/arm-none-eabi/13.3.1/thumb/v8-m.main+dp/hard/libgcc.a(_dvmd_tls.o)
                0x34180b04                __aeabi_ldiv0
                0x34180b04                __aeabi_idiv0
 *(.text*)
 .text.MX_EXTMEM_MANAGER_Init
                0x34180b08       0x44 ./Core/Src/extmem_manager.o
                0x34180b08                MX_EXTMEM_MANAGER_Init
 .text.LL_AHB3_GRP1_EnableClock
                0x34180b4c       0x2c ./Core/Src/main.o
 .text.LL_AHB4_GRP1_EnableClock
                0x34180b78       0x2c ./Core/Src/main.o
 .text.LL_APB1_GRP2_EnableClock
                0x34180ba4       0x2c ./Core/Src/main.o
 .text.main     0x34180bd0       0xa4 ./Core/Src/main.o
                0x34180bd0                main
 .text.SystemClock_Config
                0x34180c74      0x14c ./Core/Src/main.o
                0x34180c74                SystemClock_Config
 .text.PeriphCommonClock_Config
                0x34180dc0       0x5a ./Core/Src/main.o
                0x34180dc0                PeriphCommonClock_Config
 *fill*         0x34180e1a        0x2 
 .text.MX_ADC1_Init
                0x34180e1c      0x110 ./Core/Src/main.o
 .text.MX_ADC2_Init
                0x34180f2c       0xec ./Core/Src/main.o
 .text.MX_I2C1_Init
                0x34181018       0x80 ./Core/Src/main.o
 .text.MX_I2C2_Init
                0x34181098       0x80 ./Core/Src/main.o
 .text.MX_ICACHE_Init
                0x34181118       0x26 ./Core/Src/main.o
 *fill*         0x3418113e        0x2 
 .text.MX_MDF1_Init
                0x34181140       0xb0 ./Core/Src/main.o
 .text.SystemIsolation_Config
                0x341811f0      0x324 ./Core/Src/main.o
 .text.MX_SAI1_Init
                0x34181514      0x14c ./Core/Src/main.o
 .text.MX_UCPD1_Init
                0x34181660       0x10 ./Core/Src/main.o
 .text.MX_USART1_UART_Init
                0x34181670       0x98 ./Core/Src/main.o
 .text.MX_USB1_OTG_HS_USB_Init
                0x34181708        0xe ./Core/Src/main.o
 *fill*         0x34181716        0x2 
 .text.MX_XSPI1_Init
                0x34181718       0xb4 ./Core/Src/main.o
 .text.MX_XSPI2_Init
                0x341817cc       0xb4 ./Core/Src/main.o
 .text.MX_GPIO_Init
                0x34181880       0xb0 ./Core/Src/main.o
 .text.Error_Handler
                0x34181930        0xc ./Core/Src/main.o
                0x34181930                Error_Handler
 .text.LL_AHB1_GRP1_EnableClock
                0x3418193c       0x2c ./Core/Src/stm32n6xx_hal_msp.o
 .text.LL_AHB2_GRP1_EnableClock
                0x34181968       0x2c ./Core/Src/stm32n6xx_hal_msp.o
 .text.LL_AHB4_GRP1_EnableClock
                0x34181994       0x2c ./Core/Src/stm32n6xx_hal_msp.o
 .text.LL_AHB5_GRP1_EnableClock
                0x341819c0       0x2c ./Core/Src/stm32n6xx_hal_msp.o
 .text.LL_APB1_GRP1_EnableClock
                0x341819ec       0x2c ./Core/Src/stm32n6xx_hal_msp.o
 .text.LL_APB2_GRP1_EnableClock
                0x34181a18       0x2c ./Core/Src/stm32n6xx_hal_msp.o
 .text.HAL_MspInit
                0x34181a44       0x18 ./Core/Src/stm32n6xx_hal_msp.o
                0x34181a44                HAL_MspInit
 .text.HAL_ADC_MspInit
                0x34181a5c      0x1cc ./Core/Src/stm32n6xx_hal_msp.o
                0x34181a5c                HAL_ADC_MspInit
 .text.HAL_I2C_MspInit
                0x34181c28      0x194 ./Core/Src/stm32n6xx_hal_msp.o
                0x34181c28                HAL_I2C_MspInit
 .text.HAL_MDF_MspInit
                0x34181dbc      0x138 ./Core/Src/stm32n6xx_hal_msp.o
                0x34181dbc                HAL_MDF_MspInit
 .text.HAL_UART_MspInit
                0x34181ef4       0xcc ./Core/Src/stm32n6xx_hal_msp.o
                0x34181ef4                HAL_UART_MspInit
 .text.HAL_XSPI_MspInit
                0x34181fc0      0x1e0 ./Core/Src/stm32n6xx_hal_msp.o
                0x34181fc0                HAL_XSPI_MspInit
 .text.HAL_SAI_MspInit
                0x341821a0      0x190 ./Core/Src/stm32n6xx_hal_msp.o
                0x341821a0                HAL_SAI_MspInit
 .text.NMI_Handler
                0x34182330        0x8 ./Core/Src/stm32n6xx_it.o
                0x34182330                NMI_Handler
 .text.HardFault_Handler
                0x34182338        0x8 ./Core/Src/stm32n6xx_it.o
                0x34182338                HardFault_Handler
 .text.MemManage_Handler
                0x34182340        0x8 ./Core/Src/stm32n6xx_it.o
                0x34182340                MemManage_Handler
 .text.BusFault_Handler
                0x34182348        0x8 ./Core/Src/stm32n6xx_it.o
                0x34182348                BusFault_Handler
 .text.UsageFault_Handler
                0x34182350        0x8 ./Core/Src/stm32n6xx_it.o
                0x34182350                UsageFault_Handler
 .text.SecureFault_Handler
                0x34182358        0x8 ./Core/Src/stm32n6xx_it.o
                0x34182358                SecureFault_Handler
 .text.SVC_Handler
                0x34182360        0xe ./Core/Src/stm32n6xx_it.o
                0x34182360                SVC_Handler
 .text.DebugMon_Handler
                0x3418236e        0xe ./Core/Src/stm32n6xx_it.o
                0x3418236e                DebugMon_Handler
 .text.PendSV_Handler
                0x3418237c        0xe ./Core/Src/stm32n6xx_it.o
                0x3418237c                PendSV_Handler
 .text.SysTick_Handler
                0x3418238a        0xc ./Core/Src/stm32n6xx_it.o
                0x3418238a                SysTick_Handler
 *fill*         0x34182396        0x2 
 .text.XSPI1_IRQHandler
                0x34182398       0x14 ./Core/Src/stm32n6xx_it.o
                0x34182398                XSPI1_IRQHandler
 .text.SystemInit
                0x341823ac      0x1cc ./Core/Src/system_stm32n6xx_fsbl.o
                0x341823ac                SystemInit
 .text.SystemCoreClockUpdate
                0x34182578      0x350 ./Core/Src/system_stm32n6xx_fsbl.o
                0x34182578                SystemCoreClockUpdate
 .text.SECURE_SystemCoreClockUpdate
                0x341828c8       0x2c ./Core/Src/system_stm32n6xx_fsbl.o
                0x341828c8                __acle_se_SECURE_SystemCoreClockUpdate
 .text.Reset_Handler
                0x341828f4       0x5c ./Core/Startup/startup_stm32n657x0hxq_fsbl.o
                0x341828f4                Reset_Handler
 .text.Default_Handler
                0x34182950        0x2 ./Core/Startup/startup_stm32n657x0hxq_fsbl.o
                0x34182950                HPDMA1_Channel13_IRQHandler
                0x34182950                EXTI2_IRQHandler
                0x34182950                MCE2_IRQHandler
                0x34182950                TIM8_CC_IRQHandler
                0x34182950                USB2_OTG_HS_IRQHandler
                0x34182950                SAI1_A_IRQHandler
                0x34182950                EXTI5_IRQHandler
                0x34182950                I3C1_ER_IRQHandler
                0x34182950                UART8_IRQHandler
                0x34182950                CTI_INT0_IRQHandler
                0x34182950                SPI4_IRQHandler
                0x34182950                LTDC_LO_IRQHandler
                0x34182950                NPU2_IRQHandler
                0x34182950                FDCAN3_IT0_IRQHandler
                0x34182950                EXTI13_IRQHandler
                0x34182950                TIM1_CC_IRQHandler
                0x34182950                TIM10_IRQHandler
                0x34182950                JPEG_IRQHandler
                0x34182950                TAMP_IRQHandler
                0x34182950                CACHE_ECC_IRQHandler
                0x34182950                TIM6_IRQHandler
                0x34182950                CSI_IRQHandler
                0x34182950                EXTI12_IRQHandler
                0x34182950                GFXTIM_IRQHandler
                0x34182950                EXTI3_IRQHandler
                0x34182950                LPTIM4_IRQHandler
                0x34182950                GPDMA1_Channel5_IRQHandler
                0x34182950                EXTI8_IRQHandler
                0x34182950                LPTIM2_IRQHandler
                0x34182950                GFXMMU_IRQHandler
                0x34182950                LTDC_LO_ERR_IRQHandler
                0x34182950                I2C3_ER_IRQHandler
                0x34182950                RIFSC_TAMPER_IRQHandler
                0x34182950                USART10_IRQHandler
                0x34182950                MDF1_FLT2_IRQHandler
                0x34182950                LPTIM3_IRQHandler
                0x34182950                SAI2_A_IRQHandler
                0x34182950                EXTI0_IRQHandler
                0x34182950                HPDMA1_Channel9_IRQHandler
                0x34182950                I2C2_EV_IRQHandler
                0x34182950                GPU2D_IRQHandler
                0x34182950                FPU_IRQHandler
                0x34182950                GPDMA1_Channel3_IRQHandler
                0x34182950                GPDMA1_Channel7_IRQHandler
                0x34182950                MDF1_FLT4_IRQHandler
                0x34182950                FDCAN1_IT1_IRQHandler
                0x34182950                HPDMA1_Channel3_IRQHandler
                0x34182950                ADC1_2_IRQHandler
                0x34182950                GPDMA1_Channel9_IRQHandler
                0x34182950                SPI1_IRQHandler
                0x34182950                CACHEAXI_IRQHandler
                0x34182950                SAI1_B_IRQHandler
                0x34182950                GPDMA1_Channel2_IRQHandler
                0x34182950                PAHB_ERR_IRQHandler
                0x34182950                TIM8_UP_IRQHandler
                0x34182950                RCC_S_IRQHandler
                0x34182950                MDF1_FLT1_IRQHandler
                0x34182950                LTDC_UP_IRQHandler
                0x34182950                LOCKUP_IRQHandler
                0x34182950                PKA_IRQHandler
                0x34182950                USART6_IRQHandler
                0x34182950                HPDMA1_Channel2_IRQHandler
                0x34182950                MDF1_FLT5_IRQHandler
                0x34182950                MCE4_IRQHandler
                0x34182950                I3C2_ER_IRQHandler
                0x34182950                EXTI15_IRQHandler
                0x34182950                TIM17_IRQHandler
                0x34182950                USART3_IRQHandler
                0x34182950                HPDMA1_Channel6_IRQHandler
                0x34182950                CRYP_IRQHandler
                0x34182950                RTC_IRQHandler
                0x34182950                XSPI2_IRQHandler
                0x34182950                EXTI9_IRQHandler
                0x34182950                IAC_IRQHandler
                0x34182950                HPDMA1_Channel0_IRQHandler
                0x34182950                LPTIM5_IRQHandler
                0x34182950                HPDMA1_Channel1_IRQHandler
                0x34182950                UART5_IRQHandler
                0x34182950                TIM4_IRQHandler
                0x34182950                NPU3_IRQHandler
                0x34182950                I3C2_EV_IRQHandler
                0x34182950                I2C1_EV_IRQHandler
                0x34182950                FDCAN_CU_IRQHandler
                0x34182950                GPDMA1_Channel12_IRQHandler
                0x34182950                HPDMA1_Channel7_IRQHandler
                0x34182950                GPDMA1_Channel1_IRQHandler
                0x34182950                TIM16_IRQHandler
                0x34182950                GPDMA1_Channel15_IRQHandler
                0x34182950                UART4_IRQHandler
                0x34182950                TCM_ECC_IRQHandler
                0x34182950                TIM3_IRQHandler
                0x34182950                RCC_IRQHandler
                0x34182950                UART9_IRQHandler
                0x34182950                NPU1_IRQHandler
                0x34182950                SAI2_B_IRQHandler
                0x34182950                Default_Handler
                0x34182950                GPDMA1_Channel8_IRQHandler
                0x34182950                HPDMA1_Channel8_IRQHandler
                0x34182950                TIM18_IRQHandler
                0x34182950                TIM14_IRQHandler
                0x34182950                TIM13_IRQHandler
                0x34182950                CTI_INT1_IRQHandler
                0x34182950                GPDMA1_Channel11_IRQHandler
                0x34182950                GPU2D_ER_IRQHandler
                0x34182950                SPI5_IRQHandler
                0x34182950                TIM12_IRQHandler
                0x34182950                TIM7_IRQHandler
                0x34182950                FDCAN3_IT1_IRQHandler
                0x34182950                HPDMA1_Channel10_IRQHandler
                0x34182950                SDMMC1_IRQHandler
                0x34182950                SAES_IRQHandler
                0x34182950                TIM5_IRQHandler
                0x34182950                UCPD1_IRQHandler
                0x34182950                GPDMA1_Channel0_IRQHandler
                0x34182950                I3C1_EV_IRQHandler
                0x34182950                HPDMA1_Channel5_IRQHandler
                0x34182950                TIM15_IRQHandler
                0x34182950                I2C3_EV_IRQHandler
                0x34182950                HPDMA1_Channel4_IRQHandler
                0x34182950                HPDMA1_Channel15_IRQHandler
                0x34182950                TIM9_IRQHandler
                0x34182950                ETH1_IRQHandler
                0x34182950                USB1_OTG_HS_IRQHandler
                0x34182950                PVD_PVM_IRQHandler
                0x34182950                SPI2_IRQHandler
                0x34182950                TIM1_TRG_CCU_IRQHandler
                0x34182950                HPDMA1_Channel11_IRQHandler
                0x34182950                EXTI14_IRQHandler
                0x34182950                EXTI11_IRQHandler
                0x34182950                VENC_IRQHandler
                0x34182950                GPDMA1_Channel14_IRQHandler
                0x34182950                EXTI4_IRQHandler
                0x34182950                RTC_S_IRQHandler
                0x34182950                GPDMA1_Channel13_IRQHandler
                0x34182950                RNG_IRQHandler
                0x34182950                XSPI3_IRQHandler
                0x34182950                FDCAN2_IT1_IRQHandler
                0x34182950                TIM1_UP_IRQHandler
                0x34182950                NPU0_IRQHandler
                0x34182950                BCK_ECC_IRQHandler
                0x34182950                WWDG_IRQHandler
                0x34182950                SPI6_IRQHandler
                0x34182950                MDIOS_IRQHandler
                0x34182950                I2C4_EV_IRQHandler
                0x34182950                FDCAN2_IT0_IRQHandler
                0x34182950                HPDMA1_Channel14_IRQHandler
                0x34182950                LPUART1_IRQHandler
                0x34182950                FDCAN1_IT0_IRQHandler
                0x34182950                MDF1_FLT0_IRQHandler
                0x34182950                TIM2_IRQHandler
                0x34182950                MCE3_IRQHandler
                0x34182950                GPDMA1_Channel4_IRQHandler
                0x34182950                EXTI7_IRQHandler
                0x34182950                DMA2D_IRQHandler
                0x34182950                TIM1_BRK_IRQHandler
                0x34182950                EXTI1_IRQHandler
                0x34182950                SDMMC2_IRQHandler
                0x34182950                TIM11_IRQHandler
                0x34182950                LTDC_UP_ERR_IRQHandler
                0x34182950                UART7_IRQHandler
                0x34182950                DTS_IRQHandler
                0x34182950                MDF1_FLT3_IRQHandler
                0x34182950                USART2_IRQHandler
                0x34182950                GPDMA1_Channel6_IRQHandler
                0x34182950                ADF1_FLT0_IRQHandler
                0x34182950                I2C2_ER_IRQHandler
                0x34182950                MCE1_IRQHandler
                0x34182950                SPDIFRX_IRQHandler
                0x34182950                TIM8_BRK_IRQHandler
                0x34182950                HPDMA1_Channel12_IRQHandler
                0x34182950                USART1_IRQHandler
                0x34182950                EXTI10_IRQHandler
                0x34182950                SPI3_IRQHandler
                0x34182950                WAKEUP_PIN_IRQHandler
                0x34182950                DCMIPP_IRQHandler
                0x34182950                I2C1_ER_IRQHandler
                0x34182950                FMC_IRQHandler
                0x34182950                EXTI6_IRQHandler
                0x34182950                LPTIM1_IRQHandler
                0x34182950                DCMI_PSSI_IRQHandler
                0x34182950                TIM8_TRG_CCU_IRQHandler
                0x34182950                I2C4_ER_IRQHandler
                0x34182950                GPDMA1_Channel10_IRQHandler
                0x34182950                ICACHE_IRQHandler
                0x34182950                HASH_IRQHandler
 .text.HAL_Init
                0x34182952       0x28 ./Drivers/STM32N6xx_HAL_Driver/stm32n6xx_hal.o
                0x34182952                HAL_Init
 *fill*         0x3418297a        0x2 
 .text.HAL_InitTick
                0x3418297c       0x6c ./Drivers/STM32N6xx_HAL_Driver/stm32n6xx_hal.o
                0x3418297c                HAL_InitTick
 .text.HAL_IncTick
                0x341829e8       0x28 ./Drivers/STM32N6xx_HAL_Driver/stm32n6xx_hal.o
                0x341829e8                HAL_IncTick
 .text.HAL_GetTick
                0x34182a10       0x18 ./Drivers/STM32N6xx_HAL_Driver/stm32n6xx_hal.o
                0x34182a10                HAL_GetTick
 .text.HAL_Delay
                0x34182a28       0x48 ./Drivers/STM32N6xx_HAL_Driver/stm32n6xx_hal.o
                0x34182a28                HAL_Delay
 .text.HAL_SuspendTick
                0x34182a70       0x20 ./Drivers/STM32N6xx_HAL_Driver/stm32n6xx_hal.o
                0x34182a70                HAL_SuspendTick
 .text.LL_ADC_SetCommonPathInternalCh
                0x34182a90       0x26 ./Drivers/STM32N6xx_HAL_Driver/stm32n6xx_hal_adc.o
 .text.LL_ADC_GetCommonPathInternalCh
                0x34182ab6       0x1c ./Drivers/STM32N6xx_HAL_Driver/stm32n6xx_hal_adc.o
 .text.LL_ADC_SetPathInternalCh
                0x34182ad2       0x2c ./Drivers/STM32N6xx_HAL_Driver/stm32n6xx_hal_adc.o
 .text.LL_ADC_GetPathInternalCh
                0x34182afe       0x20 ./Drivers/STM32N6xx_HAL_Driver/stm32n6xx_hal_adc.o
 .text.LL_ADC_GetResolution
                0x34182b1e       0x1c ./Drivers/STM32N6xx_HAL_Driver/stm32n6xx_hal_adc.o
 .text.LL_ADC_SetOffsetChannel
                0x34182b3a       0x38 ./Drivers/STM32N6xx_HAL_Driver/stm32n6xx_hal_adc.o
 .text.LL_ADC_GetOffsetChannel
                0x34182b72       0x2e ./Drivers/STM32N6xx_HAL_Driver/stm32n6xx_hal_adc.o
 .text.LL_ADC_SetOffsetLevel
                0x34182ba0       0x36 ./Drivers/STM32N6xx_HAL_Driver/stm32n6xx_hal_adc.o
 .text.LL_ADC_SetOffsetSign
                0x34182bd6       0x36 ./Drivers/STM32N6xx_HAL_Driver/stm32n6xx_hal_adc.o
 .text.LL_ADC_SetOffsetSignedSaturation
                0x34182c0c       0x36 ./Drivers/STM32N6xx_HAL_Driver/stm32n6xx_hal_adc.o
 .text.LL_ADC_SetOffsetUnsignedSaturation
                0x34182c42       0x36 ./Drivers/STM32N6xx_HAL_Driver/stm32n6xx_hal_adc.o
 .text.LL_ADC_SetGainCompensation
                0x34182c78       0x46 ./Drivers/STM32N6xx_HAL_Driver/stm32n6xx_hal_adc.o
 .text.LL_ADC_REG_SetSequencerRanks
                0x34182cbe       0x56 ./Drivers/STM32N6xx_HAL_Driver/stm32n6xx_hal_adc.o
 .text.LL_ADC_SetChannelPreselection
                0x34182d14       0x2e ./Drivers/STM32N6xx_HAL_Driver/stm32n6xx_hal_adc.o
 *fill*         0x34182d42        0x2 
 .text.LL_ADC_SetChannelSamplingTime
                0x34182d44      0x18c ./Drivers/STM32N6xx_HAL_Driver/stm32n6xx_hal_adc.o
 .text.LL_ADC_SetChannelSingleDiff
                0x34182ed0      0x178 ./Drivers/STM32N6xx_HAL_Driver/stm32n6xx_hal_adc.o
 .text.LL_ADC_SetAnalogWDMonitChannels
                0x34183048       0x5a ./Drivers/STM32N6xx_HAL_Driver/stm32n6xx_hal_adc.o
 *fill*         0x341830a2        0x2 
 .text.LL_ADC_SetAnalogWDThresholds
                0x341830a4       0x60 ./Drivers/STM32N6xx_HAL_Driver/stm32n6xx_hal_adc.o
 .text.LL_ADC_SetAWDFilteringConfiguration
                0x34183104       0x2c ./Drivers/STM32N6xx_HAL_Driver/stm32n6xx_hal_adc.o
 .text.LL_ADC_DisableDeepPowerDown
                0x34183130       0x24 ./Drivers/STM32N6xx_HAL_Driver/stm32n6xx_hal_adc.o
 .text.LL_ADC_IsDeepPowerDownEnabled
                0x34183154       0x28 ./Drivers/STM32N6xx_HAL_Driver/stm32n6xx_hal_adc.o
 .text.LL_ADC_IsEnabled
                0x3418317c       0x26 ./Drivers/STM32N6xx_HAL_Driver/stm32n6xx_hal_adc.o
 .text.LL_ADC_REG_IsConversionOngoing
                0x341831a2       0x26 ./Drivers/STM32N6xx_HAL_Driver/stm32n6xx_hal_adc.o
 .text.LL_ADC_INJ_IsConversionOngoing
                0x341831c8       0x26 ./Drivers/STM32N6xx_HAL_Driver/stm32n6xx_hal_adc.o
 .text.LL_ADC_ClearFlag_AWD1
                0x341831ee       0x1a ./Drivers/STM32N6xx_HAL_Driver/stm32n6xx_hal_adc.o
 .text.LL_ADC_ClearFlag_AWD2
                0x34183208       0x1c ./Drivers/STM32N6xx_HAL_Driver/stm32n6xx_hal_adc.o
 .text.LL_ADC_ClearFlag_AWD3
                0x34183224       0x1c ./Drivers/STM32N6xx_HAL_Driver/stm32n6xx_hal_adc.o
 .text.LL_ADC_EnableIT_AWD1
                0x34183240       0x20 ./Drivers/STM32N6xx_HAL_Driver/stm32n6xx_hal_adc.o
 .text.LL_ADC_EnableIT_AWD2
                0x34183260       0x20 ./Drivers/STM32N6xx_HAL_Driver/stm32n6xx_hal_adc.o
 .text.LL_ADC_EnableIT_AWD3
                0x34183280       0x20 ./Drivers/STM32N6xx_HAL_Driver/stm32n6xx_hal_adc.o
 .text.LL_ADC_DisableIT_AWD1
                0x341832a0       0x20 ./Drivers/STM32N6xx_HAL_Driver/stm32n6xx_hal_adc.o
 .text.LL_ADC_DisableIT_AWD2
                0x341832c0       0x20 ./Drivers/STM32N6xx_HAL_Driver/stm32n6xx_hal_adc.o
 .text.LL_ADC_DisableIT_AWD3
                0x341832e0       0x20 ./Drivers/STM32N6xx_HAL_Driver/stm32n6xx_hal_adc.o
 .text.HAL_ADC_Init
                0x34183300      0x238 ./Drivers/STM32N6xx_HAL_Driver/stm32n6xx_hal_adc.o
                0x34183300                HAL_ADC_Init
 .text.HAL_ADC_ConfigChannel
                0x34183538      0x404 ./Drivers/STM32N6xx_HAL_Driver/stm32n6xx_hal_adc.o
                0x34183538                HAL_ADC_ConfigChannel
 .text.HAL_ADC_AnalogWDGConfig
                0x3418393c      0x42c ./Drivers/STM32N6xx_HAL_Driver/stm32n6xx_hal_adc.o
                0x3418393c                HAL_ADC_AnalogWDGConfig
 .text.LL_ADC_IsEnabled
                0x34183d68       0x26 ./Drivers/STM32N6xx_HAL_Driver/stm32n6xx_hal_adc_ex.o
 .text.LL_ADC_REG_IsConversionOngoing
                0x34183d8e       0x26 ./Drivers/STM32N6xx_HAL_Driver/stm32n6xx_hal_adc_ex.o
 .text.HAL_ADCEx_MultiModeConfigChannel
                0x34183db4      0x160 ./Drivers/STM32N6xx_HAL_Driver/stm32n6xx_hal_adc_ex.o
                0x34183db4                HAL_ADCEx_MultiModeConfigChannel
 .text.__NVIC_SetPriorityGrouping
                0x34183f14       0x48 ./Drivers/STM32N6xx_HAL_Driver/stm32n6xx_hal_cortex.o
 .text.__NVIC_GetPriorityGrouping
                0x34183f5c       0x1c ./Drivers/STM32N6xx_HAL_Driver/stm32n6xx_hal_cortex.o
 .text.__NVIC_EnableIRQ
                0x34183f78       0x3c ./Drivers/STM32N6xx_HAL_Driver/stm32n6xx_hal_cortex.o
 .text.__NVIC_SetPriority
                0x34183fb4       0x54 ./Drivers/STM32N6xx_HAL_Driver/stm32n6xx_hal_cortex.o
 .text.NVIC_EncodePriority
                0x34184008       0x66 ./Drivers/STM32N6xx_HAL_Driver/stm32n6xx_hal_cortex.o
 *fill*         0x3418406e        0x2 
 .text.SysTick_Config
                0x34184070       0x44 ./Drivers/STM32N6xx_HAL_Driver/stm32n6xx_hal_cortex.o
 .text.HAL_NVIC_SetPriorityGrouping
                0x341840b4       0x16 ./Drivers/STM32N6xx_HAL_Driver/stm32n6xx_hal_cortex.o
                0x341840b4                HAL_NVIC_SetPriorityGrouping
 .text.HAL_NVIC_SetPriority
                0x341840ca       0x3a ./Drivers/STM32N6xx_HAL_Driver/stm32n6xx_hal_cortex.o
                0x341840ca                HAL_NVIC_SetPriority
 .text.HAL_NVIC_EnableIRQ
                0x34184104       0x1c ./Drivers/STM32N6xx_HAL_Driver/stm32n6xx_hal_cortex.o
                0x34184104                HAL_NVIC_EnableIRQ
 .text.HAL_SYSTICK_Config
                0x34184120       0x18 ./Drivers/STM32N6xx_HAL_Driver/stm32n6xx_hal_cortex.o
                0x34184120                HAL_SYSTICK_Config
 .text.HAL_DMA_Abort
                0x34184138       0xf8 ./Drivers/STM32N6xx_HAL_Driver/stm32n6xx_hal_dma.o
                0x34184138                HAL_DMA_Abort
 .text.HAL_DMA_Abort_IT
                0x34184230       0x52 ./Drivers/STM32N6xx_HAL_Driver/stm32n6xx_hal_dma.o
                0x34184230                HAL_DMA_Abort_IT
 *fill*         0x34184282        0x2 
 .text.HAL_EXTI_ConfigLineAttributes
                0x34184284       0xc4 ./Drivers/STM32N6xx_HAL_Driver/stm32n6xx_hal_exti.o
                0x34184284                HAL_EXTI_ConfigLineAttributes
 .text.HAL_GPIO_Init
                0x34184348      0x364 ./Drivers/STM32N6xx_HAL_Driver/stm32n6xx_hal_gpio.o
                0x34184348                HAL_GPIO_Init
 .text.HAL_GPIO_ConfigPinAttributes
                0x341846ac       0x8e ./Drivers/STM32N6xx_HAL_Driver/stm32n6xx_hal_gpio.o
                0x341846ac                HAL_GPIO_ConfigPinAttributes
 .text.HAL_I2C_Init
                0x3418473a      0x136 ./Drivers/STM32N6xx_HAL_Driver/stm32n6xx_hal_i2c.o
                0x3418473a                HAL_I2C_Init
 .text.HAL_I2CEx_ConfigAnalogFilter
                0x34184870       0x96 ./Drivers/STM32N6xx_HAL_Driver/stm32n6xx_hal_i2c_ex.o
                0x34184870                HAL_I2CEx_ConfigAnalogFilter
 .text.HAL_I2CEx_ConfigDigitalFilter
                0x34184906       0x98 ./Drivers/STM32N6xx_HAL_Driver/stm32n6xx_hal_i2c_ex.o
                0x34184906                HAL_I2CEx_ConfigDigitalFilter
 *fill*         0x3418499e        0x2 
 .text.HAL_ICACHE_ConfigAssociativityMode
                0x341849a0       0x40 ./Drivers/STM32N6xx_HAL_Driver/stm32n6xx_hal_icache.o
                0x341849a0                HAL_ICACHE_ConfigAssociativityMode
 .text.HAL_ICACHE_Enable
                0x341849e0       0x20 ./Drivers/STM32N6xx_HAL_Driver/stm32n6xx_hal_icache.o
                0x341849e0                HAL_ICACHE_Enable
 .text.HAL_MDF_Init
                0x34184a00      0x2b0 ./Drivers/STM32N6xx_HAL_Driver/stm32n6xx_hal_mdf.o
                0x34184a00                HAL_MDF_Init
 .text.MDF_GetHandleNumberFromInstance
                0x34184cb0       0x88 ./Drivers/STM32N6xx_HAL_Driver/stm32n6xx_hal_mdf.o
 .text.HAL_PWREx_ConfigSupply
                0x34184d38       0x50 ./Drivers/STM32N6xx_HAL_Driver/stm32n6xx_hal_pwr_ex.o
                0x34184d38                HAL_PWREx_ConfigSupply
 .text.HAL_PWREx_EnableVddIO2
                0x34184d88       0x20 ./Drivers/STM32N6xx_HAL_Driver/stm32n6xx_hal_pwr_ex.o
                0x34184d88                HAL_PWREx_EnableVddIO2
 .text.HAL_PWREx_EnableVddIO3
                0x34184da8       0x20 ./Drivers/STM32N6xx_HAL_Driver/stm32n6xx_hal_pwr_ex.o
                0x34184da8                HAL_PWREx_EnableVddIO3
 .text.HAL_PWREx_EnableVddIO4
                0x34184dc8       0x20 ./Drivers/STM32N6xx_HAL_Driver/stm32n6xx_hal_pwr_ex.o
                0x34184dc8                HAL_PWREx_EnableVddIO4
 .text.HAL_PWREx_EnableVddIO5
                0x34184de8       0x20 ./Drivers/STM32N6xx_HAL_Driver/stm32n6xx_hal_pwr_ex.o
                0x34184de8                HAL_PWREx_EnableVddIO5
 .text.LL_RCC_HSE_IsReady
                0x34184e08       0x24 ./Drivers/STM32N6xx_HAL_Driver/stm32n6xx_hal_rcc.o
 .text.LL_RCC_HSI_Enable
                0x34184e2c       0x1c ./Drivers/STM32N6xx_HAL_Driver/stm32n6xx_hal_rcc.o
 .text.LL_RCC_HSI_Disable
                0x34184e48       0x20 ./Drivers/STM32N6xx_HAL_Driver/stm32n6xx_hal_rcc.o
 .text.LL_RCC_HSI_IsReady
                0x34184e68       0x24 ./Drivers/STM32N6xx_HAL_Driver/stm32n6xx_hal_rcc.o
 .text.LL_RCC_HSI_SetDivider
                0x34184e8c       0x28 ./Drivers/STM32N6xx_HAL_Driver/stm32n6xx_hal_rcc.o
 .text.LL_RCC_HSI_GetDivider
                0x34184eb4       0x1c ./Drivers/STM32N6xx_HAL_Driver/stm32n6xx_hal_rcc.o
 .text.LL_RCC_HSI_SetCalibTrimming
                0x34184ed0       0x2c ./Drivers/STM32N6xx_HAL_Driver/stm32n6xx_hal_rcc.o
 .text.LL_RCC_MSI_Enable
                0x34184efc       0x1c ./Drivers/STM32N6xx_HAL_Driver/stm32n6xx_hal_rcc.o
 .text.LL_RCC_MSI_Disable
                0x34184f18       0x20 ./Drivers/STM32N6xx_HAL_Driver/stm32n6xx_hal_rcc.o
 .text.LL_RCC_MSI_IsReady
                0x34184f38       0x24 ./Drivers/STM32N6xx_HAL_Driver/stm32n6xx_hal_rcc.o
 .text.LL_RCC_MSI_SetFrequency
                0x34184f5c       0x28 ./Drivers/STM32N6xx_HAL_Driver/stm32n6xx_hal_rcc.o
 .text.LL_RCC_MSI_GetFrequency
                0x34184f84       0x1c ./Drivers/STM32N6xx_HAL_Driver/stm32n6xx_hal_rcc.o
 .text.LL_RCC_MSI_SetCalibTrimming
                0x34184fa0       0x2c ./Drivers/STM32N6xx_HAL_Driver/stm32n6xx_hal_rcc.o
 .text.LL_RCC_LSE_IsReady
                0x34184fcc       0x24 ./Drivers/STM32N6xx_HAL_Driver/stm32n6xx_hal_rcc.o
 .text.LL_RCC_LSI_Enable
                0x34184ff0       0x1c ./Drivers/STM32N6xx_HAL_Driver/stm32n6xx_hal_rcc.o
 .text.LL_RCC_LSI_Disable
                0x3418500c       0x20 ./Drivers/STM32N6xx_HAL_Driver/stm32n6xx_hal_rcc.o
 .text.LL_RCC_LSI_IsReady
                0x3418502c       0x1c ./Drivers/STM32N6xx_HAL_Driver/stm32n6xx_hal_rcc.o
 .text.LL_RCC_GetCpuClkSource
                0x34185048       0x1c ./Drivers/STM32N6xx_HAL_Driver/stm32n6xx_hal_rcc.o
 .text.LL_RCC_GetSysClkSource
                0x34185064       0x1c ./Drivers/STM32N6xx_HAL_Driver/stm32n6xx_hal_rcc.o
 .text.LL_RCC_PLL1_GetSource
                0x34185080       0x1c ./Drivers/STM32N6xx_HAL_Driver/stm32n6xx_hal_rcc.o
 .text.LL_RCC_PLL1_IsReady
                0x3418509c       0x28 ./Drivers/STM32N6xx_HAL_Driver/stm32n6xx_hal_rcc.o
 .text.LL_RCC_PLL1_IsEnabledBypass
                0x341850c4       0x28 ./Drivers/STM32N6xx_HAL_Driver/stm32n6xx_hal_rcc.o
 .text.LL_RCC_PLL2_GetSource
                0x341850ec       0x1c ./Drivers/STM32N6xx_HAL_Driver/stm32n6xx_hal_rcc.o
 .text.LL_RCC_PLL2_IsReady
                0x34185108       0x28 ./Drivers/STM32N6xx_HAL_Driver/stm32n6xx_hal_rcc.o
 .text.LL_RCC_PLL2_IsEnabledBypass
                0x34185130       0x28 ./Drivers/STM32N6xx_HAL_Driver/stm32n6xx_hal_rcc.o
 .text.LL_RCC_PLL3_GetSource
                0x34185158       0x1c ./Drivers/STM32N6xx_HAL_Driver/stm32n6xx_hal_rcc.o
 .text.LL_RCC_PLL3_IsReady
                0x34185174       0x28 ./Drivers/STM32N6xx_HAL_Driver/stm32n6xx_hal_rcc.o
 .text.LL_RCC_PLL3_IsEnabledBypass
                0x3418519c       0x28 ./Drivers/STM32N6xx_HAL_Driver/stm32n6xx_hal_rcc.o
 .text.LL_RCC_PLL4_GetSource
                0x341851c4       0x1c ./Drivers/STM32N6xx_HAL_Driver/stm32n6xx_hal_rcc.o
 .text.LL_RCC_PLL4_IsReady
                0x341851e0       0x28 ./Drivers/STM32N6xx_HAL_Driver/stm32n6xx_hal_rcc.o
 .text.LL_RCC_PLL4_IsEnabledBypass
                0x34185208       0x28 ./Drivers/STM32N6xx_HAL_Driver/stm32n6xx_hal_rcc.o
 .text.LL_RCC_IC1_Enable
                0x34185230       0x1c ./Drivers/STM32N6xx_HAL_Driver/stm32n6xx_hal_rcc.o
 .text.LL_RCC_IC1_GetSource
                0x3418524c       0x1c ./Drivers/STM32N6xx_HAL_Driver/stm32n6xx_hal_rcc.o
 .text.LL_RCC_IC1_GetDivider
                0x34185268       0x20 ./Drivers/STM32N6xx_HAL_Driver/stm32n6xx_hal_rcc.o
 .text.LL_RCC_IC2_GetSource
                0x34185288       0x1c ./Drivers/STM32N6xx_HAL_Driver/stm32n6xx_hal_rcc.o
 .text.LL_RCC_IC2_GetDivider
                0x341852a4       0x20 ./Drivers/STM32N6xx_HAL_Driver/stm32n6xx_hal_rcc.o
 .text.LL_RCC_IC6_GetSource
                0x341852c4       0x1c ./Drivers/STM32N6xx_HAL_Driver/stm32n6xx_hal_rcc.o
 .text.LL_RCC_IC11_GetSource
                0x341852e0       0x1c ./Drivers/STM32N6xx_HAL_Driver/stm32n6xx_hal_rcc.o
 .text.HAL_RCC_OscConfig
                0x341852fc      0x7c0 ./Drivers/STM32N6xx_HAL_Driver/stm32n6xx_hal_rcc.o
                0x341852fc                HAL_RCC_OscConfig
 .text.HAL_RCC_ClockConfig
                0x34185abc      0x408 ./Drivers/STM32N6xx_HAL_Driver/stm32n6xx_hal_rcc.o
                0x34185abc                HAL_RCC_ClockConfig
 .text.HAL_RCC_GetCpuClockFreq
                0x34185ec4       0xfc ./Drivers/STM32N6xx_HAL_Driver/stm32n6xx_hal_rcc.o
                0x34185ec4                HAL_RCC_GetCpuClockFreq
 .text.HAL_RCC_GetSysClockFreq
                0x34185fc0       0xfc ./Drivers/STM32N6xx_HAL_Driver/stm32n6xx_hal_rcc.o
                0x34185fc0                HAL_RCC_GetSysClockFreq
 .text.HAL_RCC_GetClockConfig
                0x341860bc       0xec ./Drivers/STM32N6xx_HAL_Driver/stm32n6xx_hal_rcc.o
                0x341860bc                HAL_RCC_GetClockConfig
 .text.RCC_PLL_Config
                0x341861a8      0x260 ./Drivers/STM32N6xx_HAL_Driver/stm32n6xx_hal_rcc.o
 .text.RCC_PLL_Enable
                0x34186408       0x58 ./Drivers/STM32N6xx_HAL_Driver/stm32n6xx_hal_rcc.o
 .text.RCC_PLL_IsNewConfig
                0x34186460       0xf4 ./Drivers/STM32N6xx_HAL_Driver/stm32n6xx_hal_rcc.o
 .text.RCC_PLL_Source_IsReady
                0x34186554       0x74 ./Drivers/STM32N6xx_HAL_Driver/stm32n6xx_hal_rcc.o
 .text.RCC_IC_CheckPLLSources
                0x341865c8      0x170 ./Drivers/STM32N6xx_HAL_Driver/stm32n6xx_hal_rcc.o
 .text.LL_RCC_HSE_SelectHSEAsDiv2Clock
                0x34186738       0x20 ./Drivers/STM32N6xx_HAL_Driver/stm32n6xx_hal_rcc_ex.o
 .text.LL_RCC_HSE_SelectHSEDiv2AsDiv2Clock
                0x34186758       0x20 ./Drivers/STM32N6xx_HAL_Driver/stm32n6xx_hal_rcc_ex.o
 .text.LL_RCC_HSE_IsSelectedHSEDiv2AsDiv2Clock
                0x34186778       0x24 ./Drivers/STM32N6xx_HAL_Driver/stm32n6xx_hal_rcc_ex.o
 .text.LL_RCC_HSE_IsReady
                0x3418679c       0x24 ./Drivers/STM32N6xx_HAL_Driver/stm32n6xx_hal_rcc_ex.o
 .text.LL_RCC_HSI_IsReady
                0x341867c0       0x24 ./Drivers/STM32N6xx_HAL_Driver/stm32n6xx_hal_rcc_ex.o
 .text.LL_RCC_HSI_GetDivider
                0x341867e4       0x1c ./Drivers/STM32N6xx_HAL_Driver/stm32n6xx_hal_rcc_ex.o
 .text.LL_RCC_MSI_IsReady
                0x34186800       0x24 ./Drivers/STM32N6xx_HAL_Driver/stm32n6xx_hal_rcc_ex.o
 .text.LL_RCC_MSI_GetFrequency
                0x34186824       0x1c ./Drivers/STM32N6xx_HAL_Driver/stm32n6xx_hal_rcc_ex.o
 .text.LL_RCC_LSE_IsReady
                0x34186840       0x24 ./Drivers/STM32N6xx_HAL_Driver/stm32n6xx_hal_rcc_ex.o
 .text.LL_RCC_LSI_IsReady
                0x34186864       0x1c ./Drivers/STM32N6xx_HAL_Driver/stm32n6xx_hal_rcc_ex.o
 .text.LL_RCC_GetAHBPrescaler
                0x34186880       0x1c ./Drivers/STM32N6xx_HAL_Driver/stm32n6xx_hal_rcc_ex.o
 .text.LL_RCC_GetAPB1Prescaler
                0x3418689c       0x1c ./Drivers/STM32N6xx_HAL_Driver/stm32n6xx_hal_rcc_ex.o
 .text.LL_RCC_GetAPB2Prescaler
                0x341868b8       0x1c ./Drivers/STM32N6xx_HAL_Driver/stm32n6xx_hal_rcc_ex.o
 .text.LL_RCC_GetAPB4Prescaler
                0x341868d4       0x1c ./Drivers/STM32N6xx_HAL_Driver/stm32n6xx_hal_rcc_ex.o
 .text.LL_RCC_GetAPB5Prescaler
                0x341868f0       0x1c ./Drivers/STM32N6xx_HAL_Driver/stm32n6xx_hal_rcc_ex.o
 .text.LL_RCC_SetClockSource
                0x3418690c       0x54 ./Drivers/STM32N6xx_HAL_Driver/stm32n6xx_hal_rcc_ex.o
 .text.LL_RCC_GetADCPrescaler
                0x34186960       0x1c ./Drivers/STM32N6xx_HAL_Driver/stm32n6xx_hal_rcc_ex.o
 .text.LL_RCC_SetADFClockSource
                0x3418697c       0x2c ./Drivers/STM32N6xx_HAL_Driver/stm32n6xx_hal_rcc_ex.o
 .text.LL_RCC_SetCLKPClockSource
                0x341869a8       0x2c ./Drivers/STM32N6xx_HAL_Driver/stm32n6xx_hal_rcc_ex.o
 .text.LL_RCC_SetDCMIPPClockSource
                0x341869d4       0x2c ./Drivers/STM32N6xx_HAL_Driver/stm32n6xx_hal_rcc_ex.o
 .text.LL_RCC_SetETHClockSource
                0x34186a00       0x2c ./Drivers/STM32N6xx_HAL_Driver/stm32n6xx_hal_rcc_ex.o
 .text.LL_RCC_SetETHPHYInterface
                0x34186a2c       0x2c ./Drivers/STM32N6xx_HAL_Driver/stm32n6xx_hal_rcc_ex.o
 .text.LL_RCC_GetETH1PTPDivider
                0x34186a58       0x1c ./Drivers/STM32N6xx_HAL_Driver/stm32n6xx_hal_rcc_ex.o
 .text.LL_RCC_SetETHREFRXClockSource
                0x34186a74       0x2c ./Drivers/STM32N6xx_HAL_Driver/stm32n6xx_hal_rcc_ex.o
 .text.LL_RCC_SetETHREFTXClockSource
                0x34186aa0       0x2c ./Drivers/STM32N6xx_HAL_Driver/stm32n6xx_hal_rcc_ex.o
 .text.LL_RCC_SetFDCANClockSource
                0x34186acc       0x2c ./Drivers/STM32N6xx_HAL_Driver/stm32n6xx_hal_rcc_ex.o
 .text.LL_RCC_SetFMCClockSource
                0x34186af8       0x2c ./Drivers/STM32N6xx_HAL_Driver/stm32n6xx_hal_rcc_ex.o
 .text.LL_RCC_SetI2CClockSource
                0x34186b24       0x16 ./Drivers/STM32N6xx_HAL_Driver/stm32n6xx_hal_rcc_ex.o
 .text.LL_RCC_SetI3CClockSource
                0x34186b3a       0x16 ./Drivers/STM32N6xx_HAL_Driver/stm32n6xx_hal_rcc_ex.o
 .text.LL_RCC_SetLPTIMClockSource
                0x34186b50       0x16 ./Drivers/STM32N6xx_HAL_Driver/stm32n6xx_hal_rcc_ex.o
 *fill*         0x34186b66        0x2 
 .text.LL_RCC_SetLPUARTClockSource
                0x34186b68       0x2c ./Drivers/STM32N6xx_HAL_Driver/stm32n6xx_hal_rcc_ex.o
 .text.LL_RCC_SetLTDCClockSource
                0x34186b94       0x2c ./Drivers/STM32N6xx_HAL_Driver/stm32n6xx_hal_rcc_ex.o
 .text.LL_RCC_SetMDFClockSource
                0x34186bc0       0x2c ./Drivers/STM32N6xx_HAL_Driver/stm32n6xx_hal_rcc_ex.o
 .text.LL_RCC_SetOTGPHYClockSource
                0x34186bec       0x16 ./Drivers/STM32N6xx_HAL_Driver/stm32n6xx_hal_rcc_ex.o
 .text.LL_RCC_SetOTGPHYCKREFClockSource
                0x34186c02       0x16 ./Drivers/STM32N6xx_HAL_Driver/stm32n6xx_hal_rcc_ex.o
 .text.LL_RCC_SetPSSIClockSource
                0x34186c18       0x2c ./Drivers/STM32N6xx_HAL_Driver/stm32n6xx_hal_rcc_ex.o
 .text.LL_RCC_SetSAIClockSource
                0x34186c44       0x16 ./Drivers/STM32N6xx_HAL_Driver/stm32n6xx_hal_rcc_ex.o
 .text.LL_RCC_SetSDMMCClockSource
                0x34186c5a       0x16 ./Drivers/STM32N6xx_HAL_Driver/stm32n6xx_hal_rcc_ex.o
 .text.LL_RCC_SetSPDIFRXClockSource
                0x34186c70       0x2c ./Drivers/STM32N6xx_HAL_Driver/stm32n6xx_hal_rcc_ex.o
 .text.LL_RCC_SetSPIClockSource
                0x34186c9c       0x16 ./Drivers/STM32N6xx_HAL_Driver/stm32n6xx_hal_rcc_ex.o
 .text.LL_RCC_SetUSARTClockSource
                0x34186cb2       0x16 ./Drivers/STM32N6xx_HAL_Driver/stm32n6xx_hal_rcc_ex.o
 .text.LL_RCC_SetXSPIClockSource
                0x34186cc8       0x16 ./Drivers/STM32N6xx_HAL_Driver/stm32n6xx_hal_rcc_ex.o
 *fill*         0x34186cde        0x2 
 .text.LL_RCC_GetClockSource
                0x34186ce0       0x4c ./Drivers/STM32N6xx_HAL_Driver/stm32n6xx_hal_rcc_ex.o
 .text.LL_RCC_GetADCClockSource
                0x34186d2c       0x24 ./Drivers/STM32N6xx_HAL_Driver/stm32n6xx_hal_rcc_ex.o
 .text.LL_RCC_GetADFClockSource
                0x34186d50       0x24 ./Drivers/STM32N6xx_HAL_Driver/stm32n6xx_hal_rcc_ex.o
 .text.LL_RCC_GetCLKPClockSource
                0x34186d74       0x24 ./Drivers/STM32N6xx_HAL_Driver/stm32n6xx_hal_rcc_ex.o
 .text.LL_RCC_GetDCMIPPClockSource
                0x34186d98       0x24 ./Drivers/STM32N6xx_HAL_Driver/stm32n6xx_hal_rcc_ex.o
 .text.LL_RCC_GetETHClockSource
                0x34186dbc       0x24 ./Drivers/STM32N6xx_HAL_Driver/stm32n6xx_hal_rcc_ex.o
 .text.LL_RCC_GetETHPTPClockSource
                0x34186de0       0x24 ./Drivers/STM32N6xx_HAL_Driver/stm32n6xx_hal_rcc_ex.o
 .text.LL_RCC_GetFDCANClockSource
                0x34186e04       0x24 ./Drivers/STM32N6xx_HAL_Driver/stm32n6xx_hal_rcc_ex.o
 .text.LL_RCC_GetFMCClockSource
                0x34186e28       0x24 ./Drivers/STM32N6xx_HAL_Driver/stm32n6xx_hal_rcc_ex.o
 .text.LL_RCC_GetI2CClockSource
                0x34186e4c       0x18 ./Drivers/STM32N6xx_HAL_Driver/stm32n6xx_hal_rcc_ex.o
 .text.LL_RCC_GetI3CClockSource
                0x34186e64       0x18 ./Drivers/STM32N6xx_HAL_Driver/stm32n6xx_hal_rcc_ex.o
 .text.LL_RCC_GetLPTIMClockSource
                0x34186e7c       0x18 ./Drivers/STM32N6xx_HAL_Driver/stm32n6xx_hal_rcc_ex.o
 .text.LL_RCC_GetLPUARTClockSource
                0x34186e94       0x24 ./Drivers/STM32N6xx_HAL_Driver/stm32n6xx_hal_rcc_ex.o
 .text.LL_RCC_GetLTDCClockSource
                0x34186eb8       0x24 ./Drivers/STM32N6xx_HAL_Driver/stm32n6xx_hal_rcc_ex.o
 .text.LL_RCC_GetMDFClockSource
                0x34186edc       0x24 ./Drivers/STM32N6xx_HAL_Driver/stm32n6xx_hal_rcc_ex.o
 .text.LL_RCC_GetPSSIClockSource
                0x34186f00       0x24 ./Drivers/STM32N6xx_HAL_Driver/stm32n6xx_hal_rcc_ex.o
 .text.LL_RCC_GetSAIClockSource
                0x34186f24       0x18 ./Drivers/STM32N6xx_HAL_Driver/stm32n6xx_hal_rcc_ex.o
 .text.LL_RCC_GetSDMMCClockSource
                0x34186f3c       0x18 ./Drivers/STM32N6xx_HAL_Driver/stm32n6xx_hal_rcc_ex.o
 .text.LL_RCC_GetSPDIFRXClockSource
                0x34186f54       0x24 ./Drivers/STM32N6xx_HAL_Driver/stm32n6xx_hal_rcc_ex.o
 .text.LL_RCC_GetSPIClockSource
                0x34186f78       0x18 ./Drivers/STM32N6xx_HAL_Driver/stm32n6xx_hal_rcc_ex.o
 .text.LL_RCC_GetUSARTClockSource
                0x34186f90       0x18 ./Drivers/STM32N6xx_HAL_Driver/stm32n6xx_hal_rcc_ex.o
 .text.LL_RCC_GetUARTClockSource
                0x34186fa8       0x18 ./Drivers/STM32N6xx_HAL_Driver/stm32n6xx_hal_rcc_ex.o
 .text.LL_RCC_GetUSBClockSource
                0x34186fc0       0x18 ./Drivers/STM32N6xx_HAL_Driver/stm32n6xx_hal_rcc_ex.o
 .text.LL_RCC_GetXSPIClockSource
                0x34186fd8       0x18 ./Drivers/STM32N6xx_HAL_Driver/stm32n6xx_hal_rcc_ex.o
 .text.LL_RCC_SetRTCClockSource
                0x34186ff0       0x2c ./Drivers/STM32N6xx_HAL_Driver/stm32n6xx_hal_rcc_ex.o
 .text.LL_RCC_GetRTCClockSource
                0x3418701c       0x1c ./Drivers/STM32N6xx_HAL_Driver/stm32n6xx_hal_rcc_ex.o
 .text.LL_RCC_SetRTC_HSEPrescaler
                0x34187038       0x2c ./Drivers/STM32N6xx_HAL_Driver/stm32n6xx_hal_rcc_ex.o
 .text.LL_RCC_SetTIMPrescaler
                0x34187064       0x2c ./Drivers/STM32N6xx_HAL_Driver/stm32n6xx_hal_rcc_ex.o
 .text.LL_RCC_GetTIMPrescaler
                0x34187090       0x1c ./Drivers/STM32N6xx_HAL_Driver/stm32n6xx_hal_rcc_ex.o
 .text.LL_RCC_PLL1_GetSource
                0x341870ac       0x1c ./Drivers/STM32N6xx_HAL_Driver/stm32n6xx_hal_rcc_ex.o
 .text.LL_RCC_PLL1_IsReady
                0x341870c8       0x28 ./Drivers/STM32N6xx_HAL_Driver/stm32n6xx_hal_rcc_ex.o
 .text.LL_RCC_PLL1_IsEnabledBypass
                0x341870f0       0x28 ./Drivers/STM32N6xx_HAL_Driver/stm32n6xx_hal_rcc_ex.o
 .text.LL_RCC_PLL1_GetN
                0x34187118       0x20 ./Drivers/STM32N6xx_HAL_Driver/stm32n6xx_hal_rcc_ex.o
 .text.LL_RCC_PLL1_GetM
                0x34187138       0x20 ./Drivers/STM32N6xx_HAL_Driver/stm32n6xx_hal_rcc_ex.o
 .text.LL_RCC_PLL1_GetP1
                0x34187158       0x20 ./Drivers/STM32N6xx_HAL_Driver/stm32n6xx_hal_rcc_ex.o
 .text.LL_RCC_PLL1_GetP2
                0x34187178       0x20 ./Drivers/STM32N6xx_HAL_Driver/stm32n6xx_hal_rcc_ex.o
 .text.LL_RCC_PLL1P_IsEnabled
                0x34187198       0x28 ./Drivers/STM32N6xx_HAL_Driver/stm32n6xx_hal_rcc_ex.o
 .text.LL_RCC_PLL1_GetFRACN
                0x341871c0       0x1c ./Drivers/STM32N6xx_HAL_Driver/stm32n6xx_hal_rcc_ex.o
 .text.LL_RCC_PLL2_GetSource
                0x341871dc       0x1c ./Drivers/STM32N6xx_HAL_Driver/stm32n6xx_hal_rcc_ex.o
 .text.LL_RCC_PLL2_IsReady
                0x341871f8       0x28 ./Drivers/STM32N6xx_HAL_Driver/stm32n6xx_hal_rcc_ex.o
 .text.LL_RCC_PLL2_IsEnabledBypass
                0x34187220       0x28 ./Drivers/STM32N6xx_HAL_Driver/stm32n6xx_hal_rcc_ex.o
 .text.LL_RCC_PLL2_GetN
                0x34187248       0x20 ./Drivers/STM32N6xx_HAL_Driver/stm32n6xx_hal_rcc_ex.o
 .text.LL_RCC_PLL2_GetM
                0x34187268       0x20 ./Drivers/STM32N6xx_HAL_Driver/stm32n6xx_hal_rcc_ex.o
 .text.LL_RCC_PLL2_GetP1
                0x34187288       0x20 ./Drivers/STM32N6xx_HAL_Driver/stm32n6xx_hal_rcc_ex.o
 .text.LL_RCC_PLL2_GetP2
                0x341872a8       0x20 ./Drivers/STM32N6xx_HAL_Driver/stm32n6xx_hal_rcc_ex.o
 .text.LL_RCC_PLL2P_IsEnabled
                0x341872c8       0x28 ./Drivers/STM32N6xx_HAL_Driver/stm32n6xx_hal_rcc_ex.o
 .text.LL_RCC_PLL2_GetFRACN
                0x341872f0       0x1c ./Drivers/STM32N6xx_HAL_Driver/stm32n6xx_hal_rcc_ex.o
 .text.LL_RCC_PLL3_GetSource
                0x3418730c       0x1c ./Drivers/STM32N6xx_HAL_Driver/stm32n6xx_hal_rcc_ex.o
 .text.LL_RCC_PLL3_IsReady
                0x34187328       0x28 ./Drivers/STM32N6xx_HAL_Driver/stm32n6xx_hal_rcc_ex.o
 .text.LL_RCC_PLL3_IsEnabledBypass
                0x34187350       0x28 ./Drivers/STM32N6xx_HAL_Driver/stm32n6xx_hal_rcc_ex.o
 .text.LL_RCC_PLL3_GetN
                0x34187378       0x20 ./Drivers/STM32N6xx_HAL_Driver/stm32n6xx_hal_rcc_ex.o
 .text.LL_RCC_PLL3_GetM
                0x34187398       0x20 ./Drivers/STM32N6xx_HAL_Driver/stm32n6xx_hal_rcc_ex.o
 .text.LL_RCC_PLL3_GetP1
                0x341873b8       0x20 ./Drivers/STM32N6xx_HAL_Driver/stm32n6xx_hal_rcc_ex.o
 .text.LL_RCC_PLL3_GetP2
                0x341873d8       0x20 ./Drivers/STM32N6xx_HAL_Driver/stm32n6xx_hal_rcc_ex.o
 .text.LL_RCC_PLL3P_IsEnabled
                0x341873f8       0x28 ./Drivers/STM32N6xx_HAL_Driver/stm32n6xx_hal_rcc_ex.o
 .text.LL_RCC_PLL3_GetFRACN
                0x34187420       0x1c ./Drivers/STM32N6xx_HAL_Driver/stm32n6xx_hal_rcc_ex.o
 .text.LL_RCC_PLL4_GetSource
                0x3418743c       0x1c ./Drivers/STM32N6xx_HAL_Driver/stm32n6xx_hal_rcc_ex.o
 .text.LL_RCC_PLL4_IsReady
                0x34187458       0x28 ./Drivers/STM32N6xx_HAL_Driver/stm32n6xx_hal_rcc_ex.o
 .text.LL_RCC_PLL4_IsEnabledBypass
                0x34187480       0x28 ./Drivers/STM32N6xx_HAL_Driver/stm32n6xx_hal_rcc_ex.o
 .text.LL_RCC_PLL4_GetN
                0x341874a8       0x20 ./Drivers/STM32N6xx_HAL_Driver/stm32n6xx_hal_rcc_ex.o
 .text.LL_RCC_PLL4_GetM
                0x341874c8       0x20 ./Drivers/STM32N6xx_HAL_Driver/stm32n6xx_hal_rcc_ex.o
 .text.LL_RCC_PLL4_GetP1
                0x341874e8       0x20 ./Drivers/STM32N6xx_HAL_Driver/stm32n6xx_hal_rcc_ex.o
 .text.LL_RCC_PLL4_GetP2
                0x34187508       0x20 ./Drivers/STM32N6xx_HAL_Driver/stm32n6xx_hal_rcc_ex.o
 .text.LL_RCC_PLL4P_IsEnabled
                0x34187528       0x28 ./Drivers/STM32N6xx_HAL_Driver/stm32n6xx_hal_rcc_ex.o
 .text.LL_RCC_PLL4_GetFRACN
                0x34187550       0x1c ./Drivers/STM32N6xx_HAL_Driver/stm32n6xx_hal_rcc_ex.o
 .text.LL_RCC_IC3_Enable
                0x3418756c       0x1c ./Drivers/STM32N6xx_HAL_Driver/stm32n6xx_hal_rcc_ex.o
 .text.LL_RCC_IC3_IsEnabled
                0x34187588       0x28 ./Drivers/STM32N6xx_HAL_Driver/stm32n6xx_hal_rcc_ex.o
 .text.LL_RCC_IC3_GetSource
                0x341875b0       0x1c ./Drivers/STM32N6xx_HAL_Driver/stm32n6xx_hal_rcc_ex.o
 .text.LL_RCC_IC3_GetDivider
                0x341875cc       0x20 ./Drivers/STM32N6xx_HAL_Driver/stm32n6xx_hal_rcc_ex.o
 .text.LL_RCC_IC4_Enable
                0x341875ec       0x1c ./Drivers/STM32N6xx_HAL_Driver/stm32n6xx_hal_rcc_ex.o
 .text.LL_RCC_IC4_IsEnabled
                0x34187608       0x28 ./Drivers/STM32N6xx_HAL_Driver/stm32n6xx_hal_rcc_ex.o
 .text.LL_RCC_IC4_GetSource
                0x34187630       0x1c ./Drivers/STM32N6xx_HAL_Driver/stm32n6xx_hal_rcc_ex.o
 .text.LL_RCC_IC4_GetDivider
                0x3418764c       0x20 ./Drivers/STM32N6xx_HAL_Driver/stm32n6xx_hal_rcc_ex.o
 .text.LL_RCC_IC5_Enable
                0x3418766c       0x1c ./Drivers/STM32N6xx_HAL_Driver/stm32n6xx_hal_rcc_ex.o
 .text.LL_RCC_IC5_IsEnabled
                0x34187688       0x28 ./Drivers/STM32N6xx_HAL_Driver/stm32n6xx_hal_rcc_ex.o
 .text.LL_RCC_IC5_GetSource
                0x341876b0       0x1c ./Drivers/STM32N6xx_HAL_Driver/stm32n6xx_hal_rcc_ex.o
 .text.LL_RCC_IC5_GetDivider
                0x341876cc       0x20 ./Drivers/STM32N6xx_HAL_Driver/stm32n6xx_hal_rcc_ex.o
 .text.LL_RCC_IC7_Enable
                0x341876ec       0x1c ./Drivers/STM32N6xx_HAL_Driver/stm32n6xx_hal_rcc_ex.o
 .text.LL_RCC_IC7_IsEnabled
                0x34187708       0x28 ./Drivers/STM32N6xx_HAL_Driver/stm32n6xx_hal_rcc_ex.o
 .text.LL_RCC_IC7_GetSource
                0x34187730       0x1c ./Drivers/STM32N6xx_HAL_Driver/stm32n6xx_hal_rcc_ex.o
 .text.LL_RCC_IC7_GetDivider
                0x3418774c       0x20 ./Drivers/STM32N6xx_HAL_Driver/stm32n6xx_hal_rcc_ex.o
 .text.LL_RCC_IC8_Enable
                0x3418776c       0x1c ./Drivers/STM32N6xx_HAL_Driver/stm32n6xx_hal_rcc_ex.o
 .text.LL_RCC_IC8_IsEnabled
                0x34187788       0x28 ./Drivers/STM32N6xx_HAL_Driver/stm32n6xx_hal_rcc_ex.o
 .text.LL_RCC_IC8_GetSource
                0x341877b0       0x1c ./Drivers/STM32N6xx_HAL_Driver/stm32n6xx_hal_rcc_ex.o
 .text.LL_RCC_IC8_GetDivider
                0x341877cc       0x20 ./Drivers/STM32N6xx_HAL_Driver/stm32n6xx_hal_rcc_ex.o
 .text.LL_RCC_IC9_Enable
                0x341877ec       0x1c ./Drivers/STM32N6xx_HAL_Driver/stm32n6xx_hal_rcc_ex.o
 .text.LL_RCC_IC9_IsEnabled
                0x34187808       0x28 ./Drivers/STM32N6xx_HAL_Driver/stm32n6xx_hal_rcc_ex.o
 .text.LL_RCC_IC9_GetSource
                0x34187830       0x1c ./Drivers/STM32N6xx_HAL_Driver/stm32n6xx_hal_rcc_ex.o
 .text.LL_RCC_IC9_GetDivider
                0x3418784c       0x20 ./Drivers/STM32N6xx_HAL_Driver/stm32n6xx_hal_rcc_ex.o
 .text.LL_RCC_IC10_Enable
                0x3418786c       0x1c ./Drivers/STM32N6xx_HAL_Driver/stm32n6xx_hal_rcc_ex.o
 .text.LL_RCC_IC10_IsEnabled
                0x34187888       0x28 ./Drivers/STM32N6xx_HAL_Driver/stm32n6xx_hal_rcc_ex.o
 .text.LL_RCC_IC10_GetSource
                0x341878b0       0x1c ./Drivers/STM32N6xx_HAL_Driver/stm32n6xx_hal_rcc_ex.o
 .text.LL_RCC_IC10_GetDivider
                0x341878cc       0x20 ./Drivers/STM32N6xx_HAL_Driver/stm32n6xx_hal_rcc_ex.o
 .text.LL_RCC_IC12_Enable
                0x341878ec       0x1c ./Drivers/STM32N6xx_HAL_Driver/stm32n6xx_hal_rcc_ex.o
 .text.LL_RCC_IC12_IsEnabled
                0x34187908       0x28 ./Drivers/STM32N6xx_HAL_Driver/stm32n6xx_hal_rcc_ex.o
 .text.LL_RCC_IC12_GetSource
                0x34187930       0x1c ./Drivers/STM32N6xx_HAL_Driver/stm32n6xx_hal_rcc_ex.o
 .text.LL_RCC_IC12_GetDivider
                0x3418794c       0x20 ./Drivers/STM32N6xx_HAL_Driver/stm32n6xx_hal_rcc_ex.o
 .text.LL_RCC_IC13_Enable
                0x3418796c       0x1c ./Drivers/STM32N6xx_HAL_Driver/stm32n6xx_hal_rcc_ex.o
 .text.LL_RCC_IC13_IsEnabled
                0x34187988       0x28 ./Drivers/STM32N6xx_HAL_Driver/stm32n6xx_hal_rcc_ex.o
 .text.LL_RCC_IC13_GetSource
                0x341879b0       0x1c ./Drivers/STM32N6xx_HAL_Driver/stm32n6xx_hal_rcc_ex.o
 .text.LL_RCC_IC13_GetDivider
                0x341879cc       0x20 ./Drivers/STM32N6xx_HAL_Driver/stm32n6xx_hal_rcc_ex.o
 .text.LL_RCC_IC14_Enable
                0x341879ec       0x1c ./Drivers/STM32N6xx_HAL_Driver/stm32n6xx_hal_rcc_ex.o
 .text.LL_RCC_IC14_IsEnabled
                0x34187a08       0x28 ./Drivers/STM32N6xx_HAL_Driver/stm32n6xx_hal_rcc_ex.o
 .text.LL_RCC_IC14_GetSource
                0x34187a30       0x1c ./Drivers/STM32N6xx_HAL_Driver/stm32n6xx_hal_rcc_ex.o
 .text.LL_RCC_IC14_GetDivider
                0x34187a4c       0x20 ./Drivers/STM32N6xx_HAL_Driver/stm32n6xx_hal_rcc_ex.o
 .text.LL_RCC_IC15_Enable
                0x34187a6c       0x1c ./Drivers/STM32N6xx_HAL_Driver/stm32n6xx_hal_rcc_ex.o
 .text.LL_RCC_IC15_IsEnabled
                0x34187a88       0x28 ./Drivers/STM32N6xx_HAL_Driver/stm32n6xx_hal_rcc_ex.o
 .text.LL_RCC_IC15_GetSource
                0x34187ab0       0x1c ./Drivers/STM32N6xx_HAL_Driver/stm32n6xx_hal_rcc_ex.o
 .text.LL_RCC_IC15_GetDivider
                0x34187acc       0x20 ./Drivers/STM32N6xx_HAL_Driver/stm32n6xx_hal_rcc_ex.o
 .text.LL_RCC_IC16_Enable
                0x34187aec       0x1c ./Drivers/STM32N6xx_HAL_Driver/stm32n6xx_hal_rcc_ex.o
 .text.LL_RCC_IC16_IsEnabled
                0x34187b08       0x28 ./Drivers/STM32N6xx_HAL_Driver/stm32n6xx_hal_rcc_ex.o
 .text.LL_RCC_IC16_GetSource
                0x34187b30       0x1c ./Drivers/STM32N6xx_HAL_Driver/stm32n6xx_hal_rcc_ex.o
 .text.LL_RCC_IC16_GetDivider
                0x34187b4c       0x20 ./Drivers/STM32N6xx_HAL_Driver/stm32n6xx_hal_rcc_ex.o
 .text.LL_RCC_IC17_Enable
                0x34187b6c       0x1c ./Drivers/STM32N6xx_HAL_Driver/stm32n6xx_hal_rcc_ex.o
 .text.LL_RCC_IC17_IsEnabled
                0x34187b88       0x28 ./Drivers/STM32N6xx_HAL_Driver/stm32n6xx_hal_rcc_ex.o
 .text.LL_RCC_IC17_GetSource
                0x34187bb0       0x1c ./Drivers/STM32N6xx_HAL_Driver/stm32n6xx_hal_rcc_ex.o
 .text.LL_RCC_IC17_GetDivider
                0x34187bcc       0x20 ./Drivers/STM32N6xx_HAL_Driver/stm32n6xx_hal_rcc_ex.o
 .text.LL_RCC_IC18_Enable
                0x34187bec       0x1c ./Drivers/STM32N6xx_HAL_Driver/stm32n6xx_hal_rcc_ex.o
 .text.LL_RCC_IC18_IsEnabled
                0x34187c08       0x28 ./Drivers/STM32N6xx_HAL_Driver/stm32n6xx_hal_rcc_ex.o
 .text.LL_RCC_IC18_GetSource
                0x34187c30       0x1c ./Drivers/STM32N6xx_HAL_Driver/stm32n6xx_hal_rcc_ex.o
 .text.LL_RCC_IC18_GetDivider
                0x34187c4c       0x20 ./Drivers/STM32N6xx_HAL_Driver/stm32n6xx_hal_rcc_ex.o
 .text.LL_RCC_IC19_Enable
                0x34187c6c       0x1c ./Drivers/STM32N6xx_HAL_Driver/stm32n6xx_hal_rcc_ex.o
 .text.LL_RCC_IC19_IsEnabled
                0x34187c88       0x28 ./Drivers/STM32N6xx_HAL_Driver/stm32n6xx_hal_rcc_ex.o
 .text.LL_RCC_IC19_GetSource
                0x34187cb0       0x1c ./Drivers/STM32N6xx_HAL_Driver/stm32n6xx_hal_rcc_ex.o
 .text.LL_RCC_IC19_GetDivider
                0x34187ccc       0x20 ./Drivers/STM32N6xx_HAL_Driver/stm32n6xx_hal_rcc_ex.o
 .text.LL_RCC_IC20_Enable
                0x34187cec       0x1c ./Drivers/STM32N6xx_HAL_Driver/stm32n6xx_hal_rcc_ex.o
 .text.LL_RCC_IC20_IsEnabled
                0x34187d08       0x28 ./Drivers/STM32N6xx_HAL_Driver/stm32n6xx_hal_rcc_ex.o
 .text.LL_RCC_IC20_GetSource
                0x34187d30       0x1c ./Drivers/STM32N6xx_HAL_Driver/stm32n6xx_hal_rcc_ex.o
 .text.LL_RCC_IC20_GetDivider
                0x34187d4c       0x20 ./Drivers/STM32N6xx_HAL_Driver/stm32n6xx_hal_rcc_ex.o
 .text.LL_RCC_CLKP_Enable
                0x34187d6c       0x1c ./Drivers/STM32N6xx_HAL_Driver/stm32n6xx_hal_rcc_ex.o
 .text.LL_RCC_CLKP_IsEnabled
                0x34187d88       0x28 ./Drivers/STM32N6xx_HAL_Driver/stm32n6xx_hal_rcc_ex.o
 .text.HAL_RCCEx_PeriphCLKConfig
                0x34187db0     0x25c8 ./Drivers/STM32N6xx_HAL_Driver/stm32n6xx_hal_rcc_ex.o
                0x34187db0                HAL_RCCEx_PeriphCLKConfig
 .text.HAL_RCCEx_GetPeriphCLKFreq
                0x3418a378      0x938 ./Drivers/STM32N6xx_HAL_Driver/stm32n6xx_hal_rcc_ex.o
                0x3418a378                HAL_RCCEx_GetPeriphCLKFreq
 .text.HAL_RCCEx_GetPLL1CLKFreq
                0x3418acb0       0x8c ./Drivers/STM32N6xx_HAL_Driver/stm32n6xx_hal_rcc_ex.o
                0x3418acb0                HAL_RCCEx_GetPLL1CLKFreq
 .text.HAL_RCCEx_GetPLL2CLKFreq
                0x3418ad3c       0x8c ./Drivers/STM32N6xx_HAL_Driver/stm32n6xx_hal_rcc_ex.o
                0x3418ad3c                HAL_RCCEx_GetPLL2CLKFreq
 .text.HAL_RCCEx_GetPLL3CLKFreq
                0x3418adc8       0x8c ./Drivers/STM32N6xx_HAL_Driver/stm32n6xx_hal_rcc_ex.o
                0x3418adc8                HAL_RCCEx_GetPLL3CLKFreq
 .text.HAL_RCCEx_GetPLL4CLKFreq
                0x3418ae54       0x8c ./Drivers/STM32N6xx_HAL_Driver/stm32n6xx_hal_rcc_ex.o
                0x3418ae54                HAL_RCCEx_GetPLL4CLKFreq
 .text.RCCEx_GetHCLKFreq
                0x3418aee0       0x22 ./Drivers/STM32N6xx_HAL_Driver/stm32n6xx_hal_rcc_ex.o
 .text.RCCEx_GetPCLK1Freq
                0x3418af02       0x20 ./Drivers/STM32N6xx_HAL_Driver/stm32n6xx_hal_rcc_ex.o
 .text.RCCEx_GetPCLK2Freq
                0x3418af22       0x22 ./Drivers/STM32N6xx_HAL_Driver/stm32n6xx_hal_rcc_ex.o
 .text.RCCEx_GetPCLK4Freq
                0x3418af44       0x22 ./Drivers/STM32N6xx_HAL_Driver/stm32n6xx_hal_rcc_ex.o
 .text.RCCEx_GetPCLK5Freq
                0x3418af66       0x22 ./Drivers/STM32N6xx_HAL_Driver/stm32n6xx_hal_rcc_ex.o
 .text.RCCEx_GetPLLSourceFreq
                0x3418af88       0xbc ./Drivers/STM32N6xx_HAL_Driver/stm32n6xx_hal_rcc_ex.o
 .text.RCCEx_CalcPLLFreq
                0x3418b044       0x98 ./Drivers/STM32N6xx_HAL_Driver/stm32n6xx_hal_rcc_ex.o
 .text.RCCEx_GetADCCLKFreq
                0x3418b0dc      0x204 ./Drivers/STM32N6xx_HAL_Driver/stm32n6xx_hal_rcc_ex.o
 .text.RCCEx_GetADFCLKFreq
                0x3418b2e0      0x1d8 ./Drivers/STM32N6xx_HAL_Driver/stm32n6xx_hal_rcc_ex.o
 .text.RCCEx_GetCLKPCLKFreq
                0x3418b4b8      0x36c ./Drivers/STM32N6xx_HAL_Driver/stm32n6xx_hal_rcc_ex.o
 .text.RCCEx_GetCSICLKFreq
                0x3418b824       0x98 ./Drivers/STM32N6xx_HAL_Driver/stm32n6xx_hal_rcc_ex.o
 .text.RCCEx_GetDCMIPPCLKFreq
                0x3418b8bc      0x114 ./Drivers/STM32N6xx_HAL_Driver/stm32n6xx_hal_rcc_ex.o
 .text.RCCEx_GetETH1CLKFreq
                0x3418b9d0      0x100 ./Drivers/STM32N6xx_HAL_Driver/stm32n6xx_hal_rcc_ex.o
 .text.RCCEx_GetETH1PTPCLKFreq
                0x3418bad0      0x108 ./Drivers/STM32N6xx_HAL_Driver/stm32n6xx_hal_rcc_ex.o
 .text.RCCEx_GetFDCANCLKFreq
                0x3418bbd8      0x100 ./Drivers/STM32N6xx_HAL_Driver/stm32n6xx_hal_rcc_ex.o
 .text.RCCEx_GetFMCCLKFreq
                0x3418bcd8      0x16e ./Drivers/STM32N6xx_HAL_Driver/stm32n6xx_hal_rcc_ex.o
 *fill*         0x3418be46        0x2 
 .text.RCCEx_GetI2CCLKFreq
                0x3418be48      0x350 ./Drivers/STM32N6xx_HAL_Driver/stm32n6xx_hal_rcc_ex.o
 .text.RCCEx_GetI3CCLKFreq
                0x3418c198      0x268 ./Drivers/STM32N6xx_HAL_Driver/stm32n6xx_hal_rcc_ex.o
 .text.RCCEx_GetLPTIMCLKFreq
                0x3418c400      0x354 ./Drivers/STM32N6xx_HAL_Driver/stm32n6xx_hal_rcc_ex.o
 .text.RCCEx_GetLPUARTCLKFreq
                0x3418c754      0x204 ./Drivers/STM32N6xx_HAL_Driver/stm32n6xx_hal_rcc_ex.o
 .text.RCCEx_GetLTDCCLKFreq
                0x3418c958      0x114 ./Drivers/STM32N6xx_HAL_Driver/stm32n6xx_hal_rcc_ex.o
 .text.RCCEx_GetMDFCLKFreq
                0x3418ca6c      0x214 ./Drivers/STM32N6xx_HAL_Driver/stm32n6xx_hal_rcc_ex.o
 .text.RCCEx_GetPSSICLKFreq
                0x3418cc80      0x104 ./Drivers/STM32N6xx_HAL_Driver/stm32n6xx_hal_rcc_ex.o
 .text.RCCEx_GetRTCCLKFreq
                0x3418cd84       0xa4 ./Drivers/STM32N6xx_HAL_Driver/stm32n6xx_hal_rcc_ex.o
 .text.RCCEx_GetSAICLKFreq
                0x3418ce28      0x2cc ./Drivers/STM32N6xx_HAL_Driver/stm32n6xx_hal_rcc_ex.o
 .text.RCCEx_GetSDMMCCLKFreq
                0x3418d0f4      0x1d4 ./Drivers/STM32N6xx_HAL_Driver/stm32n6xx_hal_rcc_ex.o
 .text.RCCEx_GetSPDIFRXCLKFreq
                0x3418d2c8      0x1c8 ./Drivers/STM32N6xx_HAL_Driver/stm32n6xx_hal_rcc_ex.o
 .text.RCCEx_GetSPICLKFreq
                0x3418d490      0x5a4 ./Drivers/STM32N6xx_HAL_Driver/stm32n6xx_hal_rcc_ex.o
 .text.RCCEx_GetUARTCLKFreq
                0x3418da34      0x454 ./Drivers/STM32N6xx_HAL_Driver/stm32n6xx_hal_rcc_ex.o
 .text.RCCEx_GetUSARTCLKFreq
                0x3418de88      0x454 ./Drivers/STM32N6xx_HAL_Driver/stm32n6xx_hal_rcc_ex.o
 .text.RCCEx_GetOTGPHYCLKFreq
                0x3418e2dc      0x16c ./Drivers/STM32N6xx_HAL_Driver/stm32n6xx_hal_rcc_ex.o
 .text.RCCEx_GetOTGPHYCKREFCLKFreq
                0x3418e448       0xa0 ./Drivers/STM32N6xx_HAL_Driver/stm32n6xx_hal_rcc_ex.o
 .text.RCCEx_GetXSPICLKFreq
                0x3418e4e8      0x220 ./Drivers/STM32N6xx_HAL_Driver/stm32n6xx_hal_rcc_ex.o
 .text.HAL_RIF_RIMC_ConfigMasterAttributes
                0x3418e708       0x78 ./Drivers/STM32N6xx_HAL_Driver/stm32n6xx_hal_rif.o
                0x3418e708                HAL_RIF_RIMC_ConfigMasterAttributes
 .text.HAL_RIF_RISC_SetSlaveSecureAttributes
                0x3418e780       0xa4 ./Drivers/STM32N6xx_HAL_Driver/stm32n6xx_hal_rif.o
                0x3418e780                HAL_RIF_RISC_SetSlaveSecureAttributes
 .text.HAL_SAI_Init
                0x3418e824      0x3e8 ./Drivers/STM32N6xx_HAL_Driver/stm32n6xx_hal_sai.o
                0x3418e824                HAL_SAI_Init
 .text.SAI_Disable
                0x3418ec0c       0x74 ./Drivers/STM32N6xx_HAL_Driver/stm32n6xx_hal_sai.o
 .text.HAL_UART_Init
                0x3418ec80       0xa0 ./Drivers/STM32N6xx_HAL_Driver/stm32n6xx_hal_uart.o
                0x3418ec80                HAL_UART_Init
 .text.UART_SetConfig
                0x3418ed20      0x3d8 ./Drivers/STM32N6xx_HAL_Driver/stm32n6xx_hal_uart.o
                0x3418ed20                UART_SetConfig
 .text.UART_AdvFeatureConfig
                0x3418f0f8      0x144 ./Drivers/STM32N6xx_HAL_Driver/stm32n6xx_hal_uart.o
                0x3418f0f8                UART_AdvFeatureConfig
 .text.UART_CheckIdleState
                0x3418f23c      0x154 ./Drivers/STM32N6xx_HAL_Driver/stm32n6xx_hal_uart.o
                0x3418f23c                UART_CheckIdleState
 .text.UART_WaitOnFlagUntilTimeout
                0x3418f390       0xda ./Drivers/STM32N6xx_HAL_Driver/stm32n6xx_hal_uart.o
                0x3418f390                UART_WaitOnFlagUntilTimeout
 .text.UART_EndRxTransfer
                0x3418f46a       0xcc ./Drivers/STM32N6xx_HAL_Driver/stm32n6xx_hal_uart.o
 .text.HAL_UARTEx_DisableFifoMode
                0x3418f536       0x72 ./Drivers/STM32N6xx_HAL_Driver/stm32n6xx_hal_uart_ex.o
                0x3418f536                HAL_UARTEx_DisableFifoMode
 .text.HAL_UARTEx_SetTxFifoThreshold
                0x3418f5a8       0x7c ./Drivers/STM32N6xx_HAL_Driver/stm32n6xx_hal_uart_ex.o
                0x3418f5a8                HAL_UARTEx_SetTxFifoThreshold
 .text.HAL_UARTEx_SetRxFifoThreshold
                0x3418f624       0x7c ./Drivers/STM32N6xx_HAL_Driver/stm32n6xx_hal_uart_ex.o
                0x3418f624                HAL_UARTEx_SetRxFifoThreshold
 .text.UARTEx_SetNbDataToProcess
                0x3418f6a0       0x9c ./Drivers/STM32N6xx_HAL_Driver/stm32n6xx_hal_uart_ex.o
 .text.LL_AHB5_GRP1_IsEnabledClock
                0x3418f73c       0x30 ./Drivers/STM32N6xx_HAL_Driver/stm32n6xx_hal_xspi.o
 .text.HAL_XSPI_Init
                0x3418f76c      0x224 ./Drivers/STM32N6xx_HAL_Driver/stm32n6xx_hal_xspi.o
                0x3418f76c                HAL_XSPI_Init
 .text.HAL_XSPI_IRQHandler
                0x3418f990      0x2a8 ./Drivers/STM32N6xx_HAL_Driver/stm32n6xx_hal_xspi.o
                0x3418f990                HAL_XSPI_IRQHandler
 .text.HAL_XSPI_Command
                0x3418fc38      0x120 ./Drivers/STM32N6xx_HAL_Driver/stm32n6xx_hal_xspi.o
                0x3418fc38                HAL_XSPI_Command
 .text.HAL_XSPI_Transmit
                0x3418fd58       0xe6 ./Drivers/STM32N6xx_HAL_Driver/stm32n6xx_hal_xspi.o
                0x3418fd58                HAL_XSPI_Transmit
 .text.HAL_XSPI_Receive
                0x3418fe3e      0x146 ./Drivers/STM32N6xx_HAL_Driver/stm32n6xx_hal_xspi.o
                0x3418fe3e                HAL_XSPI_Receive
 .text.HAL_XSPI_AutoPolling
                0x3418ff84      0x114 ./Drivers/STM32N6xx_HAL_Driver/stm32n6xx_hal_xspi.o
                0x3418ff84                HAL_XSPI_AutoPolling
 .text.HAL_XSPI_MemoryMapped
                0x34190098       0xd8 ./Drivers/STM32N6xx_HAL_Driver/stm32n6xx_hal_xspi.o
                0x34190098                HAL_XSPI_MemoryMapped
 .text.HAL_XSPI_ErrorCallback
                0x34190170       0x14 ./Drivers/STM32N6xx_HAL_Driver/stm32n6xx_hal_xspi.o
                0x34190170                HAL_XSPI_ErrorCallback
 .text.HAL_XSPI_AbortCpltCallback
                0x34190184       0x14 ./Drivers/STM32N6xx_HAL_Driver/stm32n6xx_hal_xspi.o
                0x34190184                HAL_XSPI_AbortCpltCallback
 .text.HAL_XSPI_FifoThresholdCallback
                0x34190198       0x14 ./Drivers/STM32N6xx_HAL_Driver/stm32n6xx_hal_xspi.o
                0x34190198                HAL_XSPI_FifoThresholdCallback
 .text.HAL_XSPI_CmdCpltCallback
                0x341901ac       0x14 ./Drivers/STM32N6xx_HAL_Driver/stm32n6xx_hal_xspi.o
                0x341901ac                HAL_XSPI_CmdCpltCallback
 .text.HAL_XSPI_RxCpltCallback
                0x341901c0       0x14 ./Drivers/STM32N6xx_HAL_Driver/stm32n6xx_hal_xspi.o
                0x341901c0                HAL_XSPI_RxCpltCallback
 .text.HAL_XSPI_TxCpltCallback
                0x341901d4       0x14 ./Drivers/STM32N6xx_HAL_Driver/stm32n6xx_hal_xspi.o
                0x341901d4                HAL_XSPI_TxCpltCallback
 .text.HAL_XSPI_StatusMatchCallback
                0x341901e8       0x14 ./Drivers/STM32N6xx_HAL_Driver/stm32n6xx_hal_xspi.o
                0x341901e8                HAL_XSPI_StatusMatchCallback
 .text.HAL_XSPI_TimeOutCallback
                0x341901fc       0x14 ./Drivers/STM32N6xx_HAL_Driver/stm32n6xx_hal_xspi.o
                0x341901fc                HAL_XSPI_TimeOutCallback
 .text.HAL_XSPI_Abort
                0x34190210      0x10e ./Drivers/STM32N6xx_HAL_Driver/stm32n6xx_hal_xspi.o
                0x34190210                HAL_XSPI_Abort
 .text.HAL_XSPI_SetTimeout
                0x3419031e       0x1e ./Drivers/STM32N6xx_HAL_Driver/stm32n6xx_hal_xspi.o
                0x3419031e                HAL_XSPI_SetTimeout
 .text.HAL_XSPIM_Config
                0x3419033c      0x258 ./Drivers/STM32N6xx_HAL_Driver/stm32n6xx_hal_xspi.o
                0x3419033c                HAL_XSPIM_Config
 .text.XSPI_DMAAbortCplt
                0x34190594       0x78 ./Drivers/STM32N6xx_HAL_Driver/stm32n6xx_hal_xspi.o
 .text.XSPI_WaitFlagStateUntilTimeout
                0x3419060c       0x6c ./Drivers/STM32N6xx_HAL_Driver/stm32n6xx_hal_xspi.o
 .text.XSPI_ConfigCmd
                0x34190678      0x334 ./Drivers/STM32N6xx_HAL_Driver/stm32n6xx_hal_xspi.o
 .text.XSPIM_GetConfig
                0x341909ac       0xc8 ./Drivers/STM32N6xx_HAL_Driver/stm32n6xx_hal_xspi.o
 .text.BOOT_Application
                0x34190a74       0x34 ./Middlewares/ST/STM32_ExtMem_Manager/stm32_boot_lrun.o
                0x34190a74                BOOT_Application
 .text.MapMemory
                0x34190aa8       0x64 ./Middlewares/ST/STM32_ExtMem_Manager/stm32_boot_lrun.o
                0x34190aa8                MapMemory
 .text.CopyApplication
                0x34190b0c       0x94 ./Middlewares/ST/STM32_ExtMem_Manager/stm32_boot_lrun.o
                0x34190b0c                CopyApplication
 .text.JumpToApplication
                0x34190ba0      0x148 ./Middlewares/ST/STM32_ExtMem_Manager/stm32_boot_lrun.o
                0x34190ba0                JumpToApplication
 .text.BOOT_GetApplicationSize
                0x34190ce8       0x18 ./Middlewares/ST/STM32_ExtMem_Manager/stm32_boot_lrun.o
                0x34190ce8                BOOT_GetApplicationSize
 .text.BOOT_GetApplicationVectorTable
                0x34190d00       0x22 ./Middlewares/ST/STM32_ExtMem_Manager/stm32_boot_lrun.o
                0x34190d00                BOOT_GetApplicationVectorTable
 *fill*         0x34190d22        0x2 
 .text.EXTMEM_Init
                0x34190d24       0x84 ./Middlewares/ST/STM32_ExtMem_Manager/stm32_extmem.o
                0x34190d24                EXTMEM_Init
 .text.EXTMEM_Read
                0x34190da8       0x6c ./Middlewares/ST/STM32_ExtMem_Manager/stm32_extmem.o
                0x34190da8                EXTMEM_Read
 .text.EXTMEM_MemoryMappedMode
                0x34190e14       0x9c ./Middlewares/ST/STM32_ExtMem_Manager/stm32_extmem.o
                0x34190e14                EXTMEM_MemoryMappedMode
 .text.EXTMEM_GetMapAddress
                0x34190eb0       0xc0 ./Middlewares/ST/STM32_ExtMem_Manager/stm32_extmem.o
                0x34190eb0                EXTMEM_GetMapAddress
 .text.SAL_XSPI_SetClock
                0x34190f70       0x7e ./Middlewares/ST/STM32_ExtMem_Manager/stm32_sal_xspi.o
                0x34190f70                SAL_XSPI_SetClock
 .text.SAL_XSPI_Init
                0x34190fee       0x66 ./Middlewares/ST/STM32_ExtMem_Manager/stm32_sal_xspi.o
                0x34190fee                SAL_XSPI_Init
 .text.SAL_XSPI_MemoryConfig
                0x34191054      0x2a4 ./Middlewares/ST/STM32_ExtMem_Manager/stm32_sal_xspi.o
                0x34191054                SAL_XSPI_MemoryConfig
 .text.SAL_XSPI_GetSFDP
                0x341912f8       0xb8 ./Middlewares/ST/STM32_ExtMem_Manager/stm32_sal_xspi.o
                0x341912f8                SAL_XSPI_GetSFDP
 .text.SAL_XSPI_GetId
                0x341913b0       0xa6 ./Middlewares/ST/STM32_ExtMem_Manager/stm32_sal_xspi.o
                0x341913b0                SAL_XSPI_GetId
 .text.SAL_XSPI_Read
                0x34191456       0xd0 ./Middlewares/ST/STM32_ExtMem_Manager/stm32_sal_xspi.o
                0x34191456                SAL_XSPI_Read
 .text.SAL_XSPI_Write
                0x34191526       0x92 ./Middlewares/ST/STM32_ExtMem_Manager/stm32_sal_xspi.o
                0x34191526                SAL_XSPI_Write
 .text.SAL_XSPI_CommandSendData
                0x341915b8       0xa8 ./Middlewares/ST/STM32_ExtMem_Manager/stm32_sal_xspi.o
                0x341915b8                SAL_XSPI_CommandSendData
 .text.SAL_XSPI_SendReadCommand
                0x34191660       0xa8 ./Middlewares/ST/STM32_ExtMem_Manager/stm32_sal_xspi.o
                0x34191660                SAL_XSPI_SendReadCommand
 .text.SAL_XSPI_CommandSendReadAddress
                0x34191708       0x9a ./Middlewares/ST/STM32_ExtMem_Manager/stm32_sal_xspi.o
                0x34191708                SAL_XSPI_CommandSendReadAddress
 .text.SAL_XSPI_CheckStatusRegister
                0x341917a2       0xd8 ./Middlewares/ST/STM32_ExtMem_Manager/stm32_sal_xspi.o
                0x341917a2                SAL_XSPI_CheckStatusRegister
 .text.SAL_XSPI_EnableMapMode
                0x3419187a       0xf2 ./Middlewares/ST/STM32_ExtMem_Manager/stm32_sal_xspi.o
                0x3419187a                SAL_XSPI_EnableMapMode
 .text.SAL_XSPI_DisableMapMode
                0x3419196c       0x22 ./Middlewares/ST/STM32_ExtMem_Manager/stm32_sal_xspi.o
                0x3419196c                SAL_XSPI_DisableMapMode
 .text.SAL_XSPI_UpdateMemoryType
                0x3419198e       0x70 ./Middlewares/ST/STM32_ExtMem_Manager/stm32_sal_xspi.o
                0x3419198e                SAL_XSPI_UpdateMemoryType
 .text.SAL_XSPI_Abort
                0x341919fe       0x1c ./Middlewares/ST/STM32_ExtMem_Manager/stm32_sal_xspi.o
                0x341919fe                SAL_XSPI_Abort
 .text.XSPI_FormatCommand
                0x34191a1a       0x52 ./Middlewares/ST/STM32_ExtMem_Manager/stm32_sal_xspi.o
                0x34191a1a                XSPI_FormatCommand
 .text.XSPI_Transmit
                0x34191a6c       0x26 ./Middlewares/ST/STM32_ExtMem_Manager/stm32_sal_xspi.o
                0x34191a6c                XSPI_Transmit
 .text.XSPI_Receive
                0x34191a92       0x26 ./Middlewares/ST/STM32_ExtMem_Manager/stm32_sal_xspi.o
                0x34191a92                XSPI_Receive
 .text.SFDP_ReadHeader
                0x34191ab8       0x7a ./Middlewares/ST/STM32_ExtMem_Manager/stm32_sfdp_data.o
                0x34191ab8                SFDP_ReadHeader
 *fill*         0x34191b32        0x2 
 .text.SFDP_GetHeader
                0x34191b34       0xbc ./Middlewares/ST/STM32_ExtMem_Manager/stm32_sfdp_data.o
                0x34191b34                SFDP_GetHeader
 .text.SFDP_CollectData
                0x34191bf0      0x1b8 ./Middlewares/ST/STM32_ExtMem_Manager/stm32_sfdp_data.o
                0x34191bf0                SFDP_CollectData
 .text.SFDP_MemoryReset
                0x34191da8      0x1b8 ./Middlewares/ST/STM32_ExtMem_Manager/stm32_sfdp_data.o
                0x34191da8                SFDP_MemoryReset
 .text.SFDP_BuildGenericDriver
                0x34191f60      0xb6c ./Middlewares/ST/STM32_ExtMem_Manager/stm32_sfdp_data.o
                0x34191f60                SFDP_BuildGenericDriver
 .text.driver_check_FlagBUSY
                0x34192acc       0x72 ./Middlewares/ST/STM32_ExtMem_Manager/stm32_sfdp_data.o
                0x34192acc                driver_check_FlagBUSY
 *fill*         0x34192b3e        0x2 
 .text.sfdp_getfrequencevalue
                0x34192b40       0x4c ./Middlewares/ST/STM32_ExtMem_Manager/stm32_sfdp_data.o
                0x34192b40                sfdp_getfrequencevalue
 .text.sfdp_get_paraminfo
                0x34192b8c      0x1e8 ./Middlewares/ST/STM32_ExtMem_Manager/stm32_sfdp_data.o
                0x34192b8c                sfdp_get_paraminfo
 .text.sfpd_enter_octal_mode
                0x34192d74      0x1dc ./Middlewares/ST/STM32_ExtMem_Manager/stm32_sfdp_data.o
                0x34192d74                sfpd_enter_octal_mode
 .text.sfpd_set_dummycycle
                0x34192f50      0x1c8 ./Middlewares/ST/STM32_ExtMem_Manager/stm32_sfdp_data.o
                0x34192f50                sfpd_set_dummycycle
 .text.JEDEC_Basic_ManageQuadEnableRequierement
                0x34193118      0x174 ./Middlewares/ST/STM32_ExtMem_Manager/stm32_sfdp_data.o
                0x34193118                JEDEC_Basic_ManageQuadEnableRequierement
 .text.JEDEC_Basic_Manage4S4S4SEnableSequence
                0x3419328c       0x7c ./Middlewares/ST/STM32_ExtMem_Manager/stm32_sfdp_data.o
                0x3419328c                JEDEC_Basic_Manage4S4S4SEnableSequence
 .text.CheckSFDP_Signature
                0x34193308       0x54 ./Middlewares/ST/STM32_ExtMem_Manager/stm32_sfdp_data.o
                0x34193308                CheckSFDP_Signature
 .text.EXTMEM_DRIVER_NOR_SFDP_Init
                0x3419335c      0x174 ./Middlewares/ST/STM32_ExtMem_Manager/stm32_sfdp_driver.o
                0x3419335c                EXTMEM_DRIVER_NOR_SFDP_Init
 .text.EXTMEM_DRIVER_NOR_SFDP_Read
                0x341934d0       0x5a ./Middlewares/ST/STM32_ExtMem_Manager/stm32_sfdp_driver.o
                0x341934d0                EXTMEM_DRIVER_NOR_SFDP_Read
 .text.EXTMEM_DRIVER_NOR_SFDP_Enable_MemoryMappedMode
                0x3419352a       0x42 ./Middlewares/ST/STM32_ExtMem_Manager/stm32_sfdp_driver.o
                0x3419352a                EXTMEM_DRIVER_NOR_SFDP_Enable_MemoryMappedMode
 .text.EXTMEM_DRIVER_NOR_SFDP_Disable_MemoryMappedMode
                0x3419356c       0x2c ./Middlewares/ST/STM32_ExtMem_Manager/stm32_sfdp_driver.o
                0x3419356c                EXTMEM_DRIVER_NOR_SFDP_Disable_MemoryMappedMode
 .text.memset   0x34193598       0x10 /home/berserk/st/stm32cubeide_1.19.0/plugins/com.st.stm32cube.ide.mcu.externaltools.gnu-tools-for-stm32.13.3.rel1.linux64_1.0.0.202410170706/tools/bin/../lib/gcc/arm-none-eabi/13.3.1/../../../../arm-none-eabi/lib/thumb/v8-m.main+dp/hard/libc_nano.a(libc_a-memset.o)
                0x34193598                memset
 .text.__libc_init_array
                0x341935a8       0x48 /home/berserk/st/stm32cubeide_1.19.0/plugins/com.st.stm32cube.ide.mcu.externaltools.gnu-tools-for-stm32.13.3.rel1.linux64_1.0.0.202410170706/tools/bin/../lib/gcc/arm-none-eabi/13.3.1/../../../../arm-none-eabi/lib/thumb/v8-m.main+dp/hard/libc_nano.a(libc_a-init.o)
                0x341935a8                __libc_init_array
 .text.memcpy   0x341935f0       0x1a /home/berserk/st/stm32cubeide_1.19.0/plugins/com.st.stm32cube.ide.mcu.externaltools.gnu-tools-for-stm32.13.3.rel1.linux64_1.0.0.202410170706/tools/bin/../lib/gcc/arm-none-eabi/13.3.1/../../../../arm-none-eabi/lib/thumb/v8-m.main+dp/hard/libc_nano.a(libc_a-memcpy-stub.o)
                0x341935f0                memcpy
 *(.glue_7)
 .glue_7        0x3419360a        0x0 linker stubs
 *(.glue_7t)
 .glue_7t       0x3419360a        0x0 linker stubs
 *(.eh_frame)
 *fill*         0x3419360a        0x2 
 .eh_frame      0x3419360c        0x0 /home/berserk/st/stm32cubeide_1.19.0/plugins/com.st.stm32cube.ide.mcu.externaltools.gnu-tools-for-stm32.13.3.rel1.linux64_1.0.0.202410170706/tools/bin/../lib/gcc/arm-none-eabi/13.3.1/thumb/v8-m.main+dp/hard/crtbegin.o
 *(.RamFunc)
 *(.RamFunc*)
 *(.init)
 .init          0x3419360c        0x4 /home/berserk/st/stm32cubeide_1.19.0/plugins/com.st.stm32cube.ide.mcu.externaltools.gnu-tools-for-stm32.13.3.rel1.linux64_1.0.0.202410170706/tools/bin/../lib/gcc/arm-none-eabi/13.3.1/thumb/v8-m.main+dp/hard/crti.o
                0x3419360c                _init
 .init          0x34193610        0x8 /home/berserk/st/stm32cubeide_1.19.0/plugins/com.st.stm32cube.ide.mcu.externaltools.gnu-tools-for-stm32.13.3.rel1.linux64_1.0.0.202410170706/tools/bin/../lib/gcc/arm-none-eabi/13.3.1/thumb/v8-m.main+dp/hard/crtn.o
 *(.fini)
 .fini          0x34193618        0x4 /home/berserk/st/stm32cubeide_1.19.0/plugins/com.st.stm32cube.ide.mcu.externaltools.gnu-tools-for-stm32.13.3.rel1.linux64_1.0.0.202410170706/tools/bin/../lib/gcc/arm-none-eabi/13.3.1/thumb/v8-m.main+dp/hard/crti.o
                0x34193618                _fini
 .fini          0x3419361c        0x8 /home/berserk/st/stm32cubeide_1.19.0/plugins/com.st.stm32cube.ide.mcu.externaltools.gnu-tools-for-stm32.13.3.rel1.linux64_1.0.0.202410170706/tools/bin/../lib/gcc/arm-none-eabi/13.3.1/thumb/v8-m.main+dp/hard/crtn.o
                0x34193624                        . = ALIGN (0x4)
                0x34193624                        _etext = .

.vfp11_veneer   0x34193624        0x0
 .vfp11_veneer  0x34193624        0x0 linker stubs

.v4_bx          0x34193624        0x0
 .v4_bx         0x34193624        0x0 linker stubs

.iplt           0x34193624        0x0
 .iplt          0x34193624        0x0 /home/berserk/st/stm32cubeide_1.19.0/plugins/com.st.stm32cube.ide.mcu.externaltools.gnu-tools-for-stm32.13.3.rel1.linux64_1.0.0.202410170706/tools/bin/../lib/gcc/arm-none-eabi/13.3.1/thumb/v8-m.main+dp/hard/crtbegin.o

.rodata         0x34193624       0xe4
                0x34193624                        . = ALIGN (0x4)
 *(.rodata)
 .rodata        0x34193624       0x2a ./Middlewares/ST/STM32_ExtMem_Manager/stm32_sfdp_data.o
 *(.rodata*)
 *fill*         0x3419364e        0x2 
 .rodata.ADC_CHANNEL_LUT
                0x34193650       0x50 ./Drivers/STM32N6xx_HAL_Driver/stm32n6xx_hal_adc.o
 .rodata.ADC_CHANNEL_DIFF_LUT
                0x341936a0       0x28 ./Drivers/STM32N6xx_HAL_Driver/stm32n6xx_hal_adc.o
 .rodata.UARTPrescTable
                0x341936c8       0x18 ./Drivers/STM32N6xx_HAL_Driver/stm32n6xx_hal_uart.o
                0x341936c8                UARTPrescTable
 .rodata.numerator.1
                0x341936e0        0x8 ./Drivers/STM32N6xx_HAL_Driver/stm32n6xx_hal_uart_ex.o
 .rodata.denominator.0
                0x341936e8        0x8 ./Drivers/STM32N6xx_HAL_Driver/stm32n6xx_hal_uart_ex.o
 .rodata.block_erase_unit.1
                0x341936f0        0x8 ./Middlewares/ST/STM32_ExtMem_Manager/stm32_sfdp_data.o
 .rodata.chip_erase_unit.0
                0x341936f8       0x10 ./Middlewares/ST/STM32_ExtMem_Manager/stm32_sfdp_data.o
                0x34193708                        . = ALIGN (0x4)

.ARM.extab      0x34193708        0x0
                0x34193708                        . = ALIGN (0x4)
 *(.ARM.extab* .gnu.linkonce.armextab.*)
                0x34193708                        . = ALIGN (0x4)

.ARM            0x34193708        0x8
                0x34193708                        . = ALIGN (0x4)
                0x34193708                        __exidx_start = .
 *(.ARM.exidx*)
 .ARM.exidx     0x34193708        0x8 /home/berserk/st/stm32cubeide_1.19.0/plugins/com.st.stm32cube.ide.mcu.externaltools.gnu-tools-for-stm32.13.3.rel1.linux64_1.0.0.202410170706/tools/bin/../lib/gcc/arm-none-eabi/13.3.1/thumb/v8-m.main+dp/hard/libgcc.a(_udivmoddi4.o)
                0x34193710                        __exidx_end = .
                0x34193710                        . = ALIGN (0x4)

.preinit_array  0x34193710        0x0
                0x34193710                        . = ALIGN (0x4)
                0x34193710                        PROVIDE (__preinit_array_start = .)
 *(.preinit_array*)
                0x34193710                        PROVIDE (__preinit_array_end = .)
                0x34193710                        . = ALIGN (0x4)

.init_array     0x34193710        0x4
                0x34193710                        . = ALIGN (0x4)
                0x34193710                        PROVIDE (__init_array_start = .)
 *(SORT_BY_NAME(.init_array.*))
 *(.init_array*)
 .init_array    0x34193710        0x4 /home/berserk/st/stm32cubeide_1.19.0/plugins/com.st.stm32cube.ide.mcu.externaltools.gnu-tools-for-stm32.13.3.rel1.linux64_1.0.0.202410170706/tools/bin/../lib/gcc/arm-none-eabi/13.3.1/thumb/v8-m.main+dp/hard/crtbegin.o
                0x34193714                        PROVIDE (__init_array_end = .)
                0x34193714                        . = ALIGN (0x4)

.fini_array     0x34193714        0x4
                0x34193714                        . = ALIGN (0x4)
                [!provide]                        PROVIDE (__fini_array_start = .)
 *(SORT_BY_NAME(.fini_array.*))
 *(.fini_array*)
 .fini_array    0x34193714        0x4 /home/berserk/st/stm32cubeide_1.19.0/plugins/com.st.stm32cube.ide.mcu.externaltools.gnu-tools-for-stm32.13.3.rel1.linux64_1.0.0.202410170706/tools/bin/../lib/gcc/arm-none-eabi/13.3.1/thumb/v8-m.main+dp/hard/crtbegin.o
                [!provide]                        PROVIDE (__fini_array_end = .)
                0x34193718                        . = ALIGN (0x4)
                0x34193718                        _sidata = LOADADDR (.data)

.rel.dyn        0x34193718        0x0
 .rel.iplt      0x34193718        0x0 /home/berserk/st/stm32cubeide_1.19.0/plugins/com.st.stm32cube.ide.mcu.externaltools.gnu-tools-for-stm32.13.3.rel1.linux64_1.0.0.202410170706/tools/bin/../lib/gcc/arm-none-eabi/13.3.1/thumb/v8-m.main+dp/hard/crtbegin.o

.data           0x341c0000        0xc load address 0x34193718
                0x341c0000                        . = ALIGN (0x4)
                0x341c0000                        _sdata = .
 *(.data)
 *(.data*)
 .data.SystemCoreClock
                0x341c0000        0x4 ./Core/Src/system_stm32n6xx_fsbl.o
                0x341c0000                SystemCoreClock
 .data.uwTickPrio
                0x341c0004        0x4 ./Drivers/STM32N6xx_HAL_Driver/stm32n6xx_hal.o
                0x341c0004                uwTickPrio
 .data.uwTickFreq
                0x341c0008        0x1 ./Drivers/STM32N6xx_HAL_Driver/stm32n6xx_hal.o
                0x341c0008                uwTickFreq
                0x341c000c                        . = ALIGN (0x4)
 *fill*         0x341c0009        0x3 
                0x341c000c                        _edata = .

.igot.plt       0x341c000c        0x0 load address 0x34193724
 .igot.plt      0x341c000c        0x0 /home/berserk/st/stm32cubeide_1.19.0/plugins/com.st.stm32cube.ide.mcu.externaltools.gnu-tools-for-stm32.13.3.rel1.linux64_1.0.0.202410170706/tools/bin/../lib/gcc/arm-none-eabi/13.3.1/thumb/v8-m.main+dp/hard/crtbegin.o

.noncacheable   0x341c000c        0x4 load address 0x34193724
                0x341c0010                        . = ALIGN (0x8)
 *fill*         0x341c000c        0x4 
                0x341c0010                        __snoncacheable = .
 *(.noncacheable)
                0x341c0010                        . = ALIGN (0x8)
                0x341c0010                        __enoncacheable = .

.gnu.sgstubs    0x34193740       0x20
                0x34193740                        . = ALIGN (0x4)
 *(.gnu.sgstubs*)
                0x34193740                        . = ALIGN (0x4)
 .gnu.sgstubs.__stub
                0x34193740        0x8 linker stubs
                0x34193740                SECURE_SystemCoreClockUpdate
                0x34193748                        . = ALIGN (0x4)

.bss            0x341c0010      0x73c
                0x341c0010                        _sbss = .
                0x341c0010                        __bss_start__ = _sbss
 *(.bss)
 .bss           0x341c0010       0x1c /home/berserk/st/stm32cubeide_1.19.0/plugins/com.st.stm32cube.ide.mcu.externaltools.gnu-tools-for-stm32.13.3.rel1.linux64_1.0.0.202410170706/tools/bin/../lib/gcc/arm-none-eabi/13.3.1/thumb/v8-m.main+dp/hard/crtbegin.o
 *(.bss*)
 .bss.hadc1     0x341c002c       0x60 ./Core/Src/main.o
                0x341c002c                hadc1
 .bss.hadc2     0x341c008c       0x60 ./Core/Src/main.o
                0x341c008c                hadc2
 .bss.hi2c1     0x341c00ec       0x54 ./Core/Src/main.o
                0x341c00ec                hi2c1
 .bss.hi2c2     0x341c0140       0x54 ./Core/Src/main.o
                0x341c0140                hi2c2
 .bss.MdfHandle0
                0x341c0194       0x44 ./Core/Src/main.o
                0x341c0194                MdfHandle0
 .bss.MdfFilterConfig0
                0x341c01d8       0x7c ./Core/Src/main.o
                0x341c01d8                MdfFilterConfig0
 .bss.hsai_BlockA1
                0x341c0254       0x98 ./Core/Src/main.o
                0x341c0254                hsai_BlockA1
 .bss.hsai_BlockB1
                0x341c02ec       0x98 ./Core/Src/main.o
                0x341c02ec                hsai_BlockB1
 .bss.huart1    0x341c0384       0x94 ./Core/Src/main.o
                0x341c0384                huart1
 .bss.hxspi1    0x341c0418       0x64 ./Core/Src/main.o
                0x341c0418                hxspi1