/home/berserk/projects/test/mtk3bsp2_samples-main/Examples/prj_stm32n6_lcd/prj_stm32n6_lcd/Middlewares/ST/STM32_ExtMem_Manager/boot/stm32_boot_lrun.c:53:20:BOOT_Application	16	static
/home/berserk/projects/test/mtk3bsp2_samples-main/Examples/prj_stm32n6_lcd/prj_stm32n6_lcd/Middlewares/ST/STM32_ExtMem_Manager/boot/stm32_boot_lrun.c:84:20:MapMemory	16	static
/home/berserk/projects/test/mtk3bsp2_samples-main/Examples/prj_stm32n6_lcd/prj_stm32n6_lcd/Middlewares/ST/STM32_ExtMem_Manager/boot/stm32_boot_lrun.c:118:20:CopyApplication	32	static
/home/berserk/projects/test/mtk3bsp2_samples-main/Examples/prj_stm32n6_lcd/prj_stm32n6_lcd/Middlewares/ST/STM32_ExtMem_Manager/boot/stm32_boot_lrun.c:193:20:JumpToApplication	80	static,ignoring_inline_asm
/home/berserk/projects/test/mtk3bsp2_samples-main/Examples/prj_stm32n6_lcd/prj_stm32n6_lcd/Middlewares/ST/STM32_ExtMem_Manager/boot/stm32_boot_lrun.c:244:18:BOOT_GetApplicationSize	16	static
/home/berserk/projects/test/mtk3bsp2_samples-main/Examples/prj_stm32n6_lcd/prj_stm32n6_lcd/Middlewares/ST/STM32_ExtMem_Manager/boot/stm32_boot_lrun.c:250:17:BOOT_GetApplicationVectorTable	16	static
