../../Drivers/STM32N6xx_HAL_Driver/Inc/stm32n6xx_ll_bus.h:879:22:LL_AHB1_GRP1_EnableClock	24	static
../../Drivers/STM32N6xx_HAL_Driver/Inc/stm32n6xx_ll_bus.h:911:22:LL_AHB1_GRP1_DisableClock	16	static
../../Drivers/STM32N6xx_HAL_Driver/Inc/stm32n6xx_ll_bus.h:1009:22:LL_AHB2_GRP1_EnableClock	24	static
../../Drivers/STM32N6xx_HAL_Driver/Inc/stm32n6xx_ll_bus.h:1045:22:LL_AHB2_GRP1_DisableClock	16	static
../../Drivers/STM32N6xx_HAL_Driver/Inc/stm32n6xx_ll_bus.h:1407:22:LL_AHB4_GRP1_EnableClock	24	static
../../Drivers/STM32N6xx_HAL_Driver/Inc/stm32n6xx_ll_bus.h:1755:22:LL_AHB5_GRP1_EnableClock	24	static
../../Drivers/STM32N6xx_HAL_Driver/Inc/stm32n6xx_ll_bus.h:1891:22:LL_AHB5_GRP1_DisableClock	16	static
../../Drivers/STM32N6xx_HAL_Driver/Inc/stm32n6xx_ll_bus.h:2273:22:LL_APB1_GRP1_EnableClock	24	static
../../Drivers/STM32N6xx_HAL_Driver/Inc/stm32n6xx_ll_bus.h:2403:22:LL_APB1_GRP1_DisableClock	16	static
../../Drivers/STM32N6xx_HAL_Driver/Inc/stm32n6xx_ll_bus.h:2909:22:LL_APB2_GRP1_EnableClock	24	static
../../Drivers/STM32N6xx_HAL_Driver/Inc/stm32n6xx_ll_bus.h:2997:22:LL_APB2_GRP1_DisableClock	16	static
../Core/Src/stm32n6xx_hal_msp.c:63:6:HAL_MspInit	8	static
../Core/Src/stm32n6xx_hal_msp.c:93:6:HAL_ADC_MspInit	440	static
../Core/Src/stm32n6xx_hal_msp.c:193:6:HAL_ADC_MspDeInit	16	static
../Core/Src/stm32n6xx_hal_msp.c:253:6:HAL_I2C_MspInit	440	static
../Core/Src/stm32n6xx_hal_msp.c:340:6:HAL_I2C_MspDeInit	16	static
../Core/Src/stm32n6xx_hal_msp.c:391:6:HAL_MDF_MspInit	440	static
../Core/Src/stm32n6xx_hal_msp.c:440:6:HAL_MDF_MspDeInit	16	static
../Core/Src/stm32n6xx_hal_msp.c:470:6:HAL_UART_MspInit	440	static
../Core/Src/stm32n6xx_hal_msp.c:518:6:HAL_UART_MspDeInit	16	static
../Core/Src/stm32n6xx_hal_msp.c:549:6:HAL_XSPI_MspInit	440	static
../Core/Src/stm32n6xx_hal_msp.c:681:6:HAL_XSPI_MspDeInit	16	static
../Core/Src/stm32n6xx_hal_msp.c:768:6:HAL_SAI_MspInit	440	static
../Core/Src/stm32n6xx_hal_msp.c:846:6:HAL_SAI_MspDeInit	16	static
