../../Drivers/STM32N6xx_HAL_Driver/Inc/stm32n6xx_ll_bus.h:1407:22:LL_AHB4_GRP1_EnableClock	24	static
/home/berserk/projects/test/mtk3bsp2_samples-main/Examples/prj_stm32n6_lcd/prj_stm32n6_lcd/Drivers/BSP/STM32N6570-DK/stm32n6570_discovery.c:147:10:BSP_GetVersion	4	static
/home/berserk/projects/test/mtk3bsp2_samples-main/Examples/prj_stm32n6_lcd/prj_stm32n6_lcd/Drivers/BSP/STM32N6570-DK/stm32n6570_discovery.c:156:16:BSP_GetBoardName	4	static
/home/berserk/projects/test/mtk3bsp2_samples-main/Examples/prj_stm32n6_lcd/prj_stm32n6_lcd/Drivers/BSP/STM32N6570-DK/stm32n6570_discovery.c:165:16:BSP_GetBoardID	4	static
/home/berserk/projects/test/mtk3bsp2_samples-main/Examples/prj_stm32n6_lcd/prj_stm32n6_lcd/Drivers/BSP/STM32N6570-DK/stm32n6570_discovery.c:177:6:BSP_SMPS_Init	40	static
/home/berserk/projects/test/mtk3bsp2_samples-main/Examples/prj_stm32n6_lcd/prj_stm32n6_lcd/Drivers/BSP/STM32N6570-DK/stm32n6570_discovery.c:198:10:BSP_LED_Init	40	static
/home/berserk/projects/test/mtk3bsp2_samples-main/Examples/prj_stm32n6_lcd/prj_stm32n6_lcd/Drivers/BSP/STM32N6570-DK/stm32n6570_discovery.c:247:6:BSP_LED_DeInit	40	static
/home/berserk/projects/test/mtk3bsp2_samples-main/Examples/prj_stm32n6_lcd/prj_stm32n6_lcd/Drivers/BSP/STM32N6570-DK/stm32n6570_discovery.c:267:6:BSP_LED_On	16	static
/home/berserk/projects/test/mtk3bsp2_samples-main/Examples/prj_stm32n6_lcd/prj_stm32n6_lcd/Drivers/BSP/STM32N6570-DK/stm32n6570_discovery.c:288:6:BSP_LED_Off	16	static
/home/berserk/projects/test/mtk3bsp2_samples-main/Examples/prj_stm32n6_lcd/prj_stm32n6_lcd/Drivers/BSP/STM32N6570-DK/stm32n6570_discovery.c:309:6:BSP_LED_Toggle	16	static
/home/berserk/projects/test/mtk3bsp2_samples-main/Examples/prj_stm32n6_lcd/prj_stm32n6_lcd/Drivers/BSP/STM32N6570-DK/stm32n6570_discovery.c:321:10:BSP_LED_GetState	24	static
/home/berserk/projects/test/mtk3bsp2_samples-main/Examples/prj_stm32n6_lcd/prj_stm32n6_lcd/Drivers/BSP/STM32N6570-DK/stm32n6570_discovery.c:349:9:BSP_PB_Init	40	static
/home/berserk/projects/test/mtk3bsp2_samples-main/Examples/prj_stm32n6_lcd/prj_stm32n6_lcd/Drivers/BSP/STM32N6570-DK/stm32n6570_discovery.c:413:9:BSP_PB_DeInit	40	static
/home/berserk/projects/test/mtk3bsp2_samples-main/Examples/prj_stm32n6_lcd/prj_stm32n6_lcd/Drivers/BSP/STM32N6570-DK/stm32n6570_discovery.c:434:10:BSP_PB_GetState	16	static
/home/berserk/projects/test/mtk3bsp2_samples-main/Examples/prj_stm32n6_lcd/prj_stm32n6_lcd/Drivers/BSP/STM32N6570-DK/stm32n6570_discovery.c:443:6:BSP_PB_IRQHandler	16	static
/home/berserk/projects/test/mtk3bsp2_samples-main/Examples/prj_stm32n6_lcd/prj_stm32n6_lcd/Drivers/BSP/STM32N6570-DK/stm32n6570_discovery.c:452:13:BUTTON_USER1_EXTI_Callback	8	static
/home/berserk/projects/test/mtk3bsp2_samples-main/Examples/prj_stm32n6_lcd/prj_stm32n6_lcd/Drivers/BSP/STM32N6570-DK/stm32n6570_discovery.c:461:13:BUTTON_TAMP_EXTI_Callback	8	static
/home/berserk/projects/test/mtk3bsp2_samples-main/Examples/prj_stm32n6_lcd/prj_stm32n6_lcd/Drivers/BSP/STM32N6570-DK/stm32n6570_discovery.c:471:13:BSP_PB_Callback	16	static
